Archive member included to satisfy reference by file (symbol)

C:/Program Files/SEGGER/SEGGER Embedded Studio for ARM 6.22a/lib/libc_v7em_fpv4_sp_d16_hard_t_le_eabi_balanced.a(fileops.o)
                              Output/Release/Obj/ble_app_uart_pca10040_s112/main.o (puts)
C:/Program Files/SEGGER/SEGGER Embedded Studio for ARM 6.22a/lib/libc_v7em_fpv4_sp_d16_hard_t_le_eabi_balanced.a(intasmops_arm.o)
                              Output/Release/Obj/ble_app_uart_pca10040_s112/bsp.o (__aeabi_ldivmod)
C:/Program Files/SEGGER/SEGGER Embedded Studio for ARM 6.22a/lib/libc_v7em_fpv4_sp_d16_hard_t_le_eabi_balanced.a(mbops.o)
                              Output/Release/Obj/ble_app_uart_pca10040_s112/nrf_log_str_formatter.o (isprint)
C:/Program Files/SEGGER/SEGGER Embedded Studio for ARM 6.22a/lib/libc_v7em_fpv4_sp_d16_hard_t_le_eabi_balanced.a(sortops.o)
                              C:/Program Files/SEGGER/SEGGER Embedded Studio for ARM 6.22a/lib/libc_v7em_fpv4_sp_d16_hard_t_le_eabi_balanced.a(mbops.o) (bsearch)
C:/Program Files/SEGGER/SEGGER Embedded Studio for ARM 6.22a/lib/libc_v7em_fpv4_sp_d16_hard_t_le_eabi_balanced.a(strasmops_arm.o)
                              Output/Release/Obj/ble_app_uart_pca10040_s112/SEGGER_RTT.o (strcpy)
C:/Program Files/SEGGER/SEGGER Embedded Studio for ARM 6.22a/lib/libc_v7em_fpv4_sp_d16_hard_t_le_eabi_balanced.a(strops.o)
                              Output/Release/Obj/ble_app_uart_pca10040_s112/ble_advdata.o (memcmp)
C:/Program Files/SEGGER/SEGGER Embedded Studio for ARM 6.22a/lib/libc_v7em_fpv4_sp_d16_hard_t_le_eabi_balanced.a(timeops.o)
                              C:/Program Files/SEGGER/SEGGER Embedded Studio for ARM 6.22a/lib/libc_v7em_fpv4_sp_d16_hard_t_le_eabi_balanced.a(mbops.o) (__SEGGER_RTL_string_list_encode)
C:/Program Files/SEGGER/SEGGER Embedded Studio for ARM 6.22a/lib/libc_v7em_fpv4_sp_d16_hard_t_le_eabi_balanced.a(__SEGGER_RTL_vfprintf_long.o)
                              (__SEGGER_RTL_vfprintf_long)
C:/Program Files/SEGGER/SEGGER Embedded Studio for ARM 6.22a/lib/libc_v7em_fpv4_sp_d16_hard_t_le_eabi_balanced.a(__SEGGER_RTL_vfscanf_long.o)
                              (__SEGGER_RTL_vfscanf_long)
C:/Program Files/SEGGER/SEGGER Embedded Studio for ARM 6.22a/lib/libc_v7em_fpv4_sp_d16_hard_t_le_eabi_balanced.a(errno.o)
                              C:/Program Files/SEGGER/SEGGER Embedded Studio for ARM 6.22a/lib/libc_v7em_fpv4_sp_d16_hard_t_le_eabi_balanced.a(fileops.o) (__aeabi_errno_addr)
C:/Program Files/SEGGER/SEGGER Embedded Studio for ARM 6.22a/lib/libc_v7em_fpv4_sp_d16_hard_t_le_eabi_balanced.a(errno_arm.o)
                              C:/Program Files/SEGGER/SEGGER Embedded Studio for ARM 6.22a/lib/libc_v7em_fpv4_sp_d16_hard_t_le_eabi_balanced.a(strops.o) (__aeabi_EDOM)
C:/Program Files/SEGGER/SEGGER Embedded Studio for ARM 6.22a/lib/libc_v7em_fpv4_sp_d16_hard_t_le_eabi_balanced.a(floatasmops_arm.o)
                              C:/Program Files/SEGGER/SEGGER Embedded Studio for ARM 6.22a/lib/libc_v7em_fpv4_sp_d16_hard_t_le_eabi_balanced.a(timeops.o) (__aeabi_i2d)
C:/Program Files/SEGGER/SEGGER Embedded Studio for ARM 6.22a/lib/libc_v7em_fpv4_sp_d16_hard_t_le_eabi_balanced.a(heapops.o)
                              C:/Program Files/SEGGER/SEGGER Embedded Studio for ARM 6.22a/lib/libc_v7em_fpv4_sp_d16_hard_t_le_eabi_balanced.a(mbops.o) (malloc)
C:/Program Files/SEGGER/SEGGER Embedded Studio for ARM 6.22a/lib/libc_v7em_fpv4_sp_d16_hard_t_le_eabi_balanced.a(intops.o)
                              C:/Program Files/SEGGER/SEGGER Embedded Studio for ARM 6.22a/lib/libc_v7em_fpv4_sp_d16_hard_t_le_eabi_balanced.a(timeops.o) (div)
C:/Program Files/SEGGER/SEGGER Embedded Studio for ARM 6.22a/lib/libc_v7em_fpv4_sp_d16_hard_t_le_eabi_balanced.a(utilops.o)
                              C:/Program Files/SEGGER/SEGGER Embedded Studio for ARM 6.22a/lib/libc_v7em_fpv4_sp_d16_hard_t_le_eabi_balanced.a(__SEGGER_RTL_vfscanf_long.o) (__SEGGER_RTL_digit)
C:/Program Files/SEGGER/SEGGER Embedded Studio for ARM 6.22a/lib/libc_v7em_fpv4_sp_d16_hard_t_le_eabi_balanced.a(prinops.o)
                              C:/Program Files/SEGGER/SEGGER Embedded Studio for ARM 6.22a/lib/libc_v7em_fpv4_sp_d16_hard_t_le_eabi_balanced.a(__SEGGER_RTL_vfprintf_long.o) (__SEGGER_RTL_putc)
C:/Program Files/SEGGER/SEGGER Embedded Studio for ARM 6.22a/lib/heapops_basic_v7em_little.a(heapops_basic.o)
                              C:/Program Files/SEGGER/SEGGER Embedded Studio for ARM 6.22a/lib/libc_v7em_fpv4_sp_d16_hard_t_le_eabi_balanced.a(heapops.o) (__SEGGER_RTL_alloc)

Discarded input sections

 .text          0x0000000000000000        0x0 Output/Release/Obj/ble_app_uart_pca10040_s112/thumb_crt0.o
 .data          0x0000000000000000        0x0 Output/Release/Obj/ble_app_uart_pca10040_s112/thumb_crt0.o
 .bss           0x0000000000000000        0x0 Output/Release/Obj/ble_app_uart_pca10040_s112/thumb_crt0.o
 .text.__aeabi_read_tp
[...]
Memory Configuration

Name             Origin             Length             Attributes
UNPLACED_SECTIONS 0x0000000100000000 0x0000000000000000 xw
RAM1             0x0000000020000000 0x0000000000010000 xw
FLASH1           0x0000000000000000 0x0000000000080000 xw
*default*        0x0000000000000000 0xffffffffffffffff

Linker script and memory map

                0x0000000000000000                __SEGGER_RTL_vfprintf = __SEGGER_RTL_vfprintf_long
                0x0000000000000000                __SEGGER_RTL_vfscanf = __SEGGER_RTL_vfscanf_long
                0x0000000020000000                __RAM1_segment_start__ = 0x20000000
                0x0000000020010000                __RAM1_segment_end__ = 0x20010000
                0x0000000000010000                __RAM1_segment_size__ = 0x10000
                0x0000000000000000                __FLASH1_segment_start__ = 0x0
                0x0000000000080000                __FLASH1_segment_end__ = 0x80000
                0x0000000000080000                __FLASH1_segment_size__ = 0x80000
                0x0000000000000800                __HEAPSIZE__ = 0x800
                0x0000000000000000                __STACKSIZE_PROCESS__ = 0x0
                0x0000000000000800                __STACKSIZE__ = 0x800
                0x0000000020000000                __reserved_ram_load_start__ = 0x20000000

.reserved_ram   0x0000000020000000     0x22c8
                0x0000000020000000                __reserved_ram_start__ = .
 *(.reserved_ram .reserved_ram.*)
                0x00000000200022c8                . = MAX (((__reserved_ram_start__ + 0x200022c8) - 0x20000000), .)
 *fill*         0x0000000020000000     0x22c8 
                0x00000000200022c8                __reserved_ram_end__ = (__reserved_ram_start__ + SIZEOF (.reserved_ram))
                0x00000000000022c8                __reserved_ram_size__ = SIZEOF (.reserved_ram)
                0x00000000200022c8                __reserved_ram_load_end__ = __reserved_ram_end__
                0x0000000000000001                . = ASSERT (((__reserved_ram_start__ == __reserved_ram_end__) || ((__reserved_ram_end__ - __RAM1_segment_start__) <= __RAM1_segment_size__)), error: .reserved_ram is too large to fit in RAM1 memory segment)
                0x00000000200022c8                __vectors_ram_load_start__ = 0x200022c8

.vectors_ram    0x00000000200022c8        0x0
                0x00000000200022c8                __vectors_ram_start__ = .
                0x00000000200022c8                __app_ram_start__ = __vectors_ram_start__
 *(.vectors_ram .vectors_ram.*)
                0x00000000200022c8                __vectors_ram_end__ = (__vectors_ram_start__ + SIZEOF (.vectors_ram))
                0x0000000000000000                __vectors_ram_size__ = SIZEOF (.vectors_ram)
                0x00000000200022c8                __vectors_ram_load_end__ = __vectors_ram_end__
                0x0000000000000001                . = ASSERT (((__vectors_ram_start__ == __vectors_ram_end__) || ((__vectors_ram_end__ - __RAM1_segment_start__) <= __RAM1_segment_size__)), error: .vectors_ram is too large to fit in RAM1 memory segment)
                0x0000000000000001                . = ASSERT ((__reserved_ram_end__ <= __vectors_ram_start__), error: section .reserved_ram overlaps absolute placed section .vectors_ram)
                0x00000000200022c8                __nrf_sections_run_load_start__ = ALIGN (__vectors_ram_end__, 0x4)

.nrf_sections_run
                0x00000000200022c8        0x0
                0x00000000200022c8                __nrf_sections_run_start__ = .
                0x00000000200022c8                __start_nrf_sections_run = __nrf_sections_run_start__
 *(.nrf_sections_run .nrf_sections_run.*)
                0x00000000200022c8                __nrf_sections_run_end__ = (__nrf_sections_run_start__ + SIZEOF (.nrf_sections_run))
                0x0000000000000000                __nrf_sections_run_size__ = SIZEOF (.nrf_sections_run)
                0x00000000200022c8                __nrf_sections_run_load_end__ = __nrf_sections_run_end__
                0x0000000000000001                . = ASSERT (((__nrf_sections_run_start__ == __nrf_sections_run_end__) || ((__nrf_sections_run_end__ - __RAM1_segment_start__) <= __RAM1_segment_size__)), error: .nrf_sections_run is too large to fit in RAM1 memory segment)
                0x0000000000000000                __reserved_flash_load_start__ = 0x0

.reserved_flash
                0x0000000000000000    0x19000
                0x0000000000000000                __reserved_flash_start__ = .
 *(.reserved_flash .reserved_flash.*)
                0x0000000000019000                . = MAX (((__reserved_flash_start__ + 0x19000) - 0x0), .)
 *fill*         0x0000000000000000    0x19000 
                0x0000000000019000                __reserved_flash_end__ = (__reserved_flash_start__ + SIZEOF (.reserved_flash))
                0x0000000000019000                __reserved_flash_size__ = SIZEOF (.reserved_flash)
                0x0000000000019000                __reserved_flash_load_end__ = __reserved_flash_end__
                0x0000000000000001                . = ASSERT (((__reserved_flash_start__ == __reserved_flash_end__) || ((__reserved_flash_end__ - __FLASH1_segment_start__) <= __FLASH1_segment_size__)), error: .reserved_flash is too large to fit in FLASH1 memory segment)
                0x0000000000019000                __vectors_load_start__ = 0x19000

.vectors        0x0000000000019000      0x200
                0x0000000000019000                __vectors_start__ = .
 *(.vectors .vectors.*)
 .vectors       0x0000000000019000      0x200 Output/Release/Obj/ble_app_uart_pca10040_s112/ses_startup_nrf52.o
                0x0000000000019000                _vectors
                0x0000000000019200                __vectors_end__ = (__vectors_start__ + SIZEOF (.vectors))
                0x0000000000000200                __vectors_size__ = SIZEOF (.vectors)
                0x0000000000019200                __vectors_load_end__ = __vectors_end__
                0x0000000000000001                . = ASSERT (((__vectors_start__ == __vectors_end__) || ((__vectors_end__ - __FLASH1_segment_start__) <= __FLASH1_segment_size__)), error: .vectors is too large to fit in FLASH1 memory segment)
                0x0000000000000001                . = ASSERT ((__reserved_flash_end__ <= __vectors_start__), error: section .reserved_flash overlaps absolute placed section .vectors)
                0x0000000000019200                __init_load_start__ = ALIGN (__vectors_end__, 0x4)

.init           0x0000000000019200      0x1cc
                0x0000000000019200                __init_start__ = .
 *(.init .init.*)
 .init          0x0000000000019200      0x158 Output/Release/Obj/ble_app_uart_pca10040_s112/thumb_crt0.o
                0x0000000000019200                _start
                0x00000000000192ae                exit
 .init          0x0000000000019358       0x18 Output/Release/Obj/ble_app_uart_pca10040_s112/ses_startup_nrf52.o
                0x0000000000019358                NMI_Handler
                0x000000000001935a                HardFault_Handler
                0x000000000001935c                MemoryManagement_Handler
                0x000000000001935e                BusFault_Handler
                0x0000000000019360                UsageFault_Handler
                0x0000000000019362                SVC_Handler
                0x0000000000019364                DebugMon_Handler
                0x0000000000019366                PendSV_Handler
                0x0000000000019368                SysTick_Handler
                0x000000000001936a                SWI0_EGU0_IRQHandler
                0x000000000001936a                RADIO_IRQHandler
                0x000000000001936a                PDM_IRQHandler
                0x000000000001936a                PWM1_IRQHandler
                0x000000000001936a                QDEC_IRQHandler
                0x000000000001936a                TIMER3_IRQHandler
                0x000000000001936a                RTC0_IRQHandler
                0x000000000001936a                SPIM0_SPIS0_TWIM0_TWIS0_SPI0_TWI0_IRQHandler
                0x000000000001936a                TEMP_IRQHandler
                0x000000000001936a                TIMER4_IRQHandler
                0x000000000001936a                I2S_IRQHandler
                0x000000000001936a                SWI4_EGU4_IRQHandler
                0x000000000001936a                TIMER0_IRQHandler
                0x000000000001936a                Dummy_Handler
                0x000000000001936a                TIMER1_IRQHandler
                0x000000000001936a                PWM2_IRQHandler
                0x000000000001936a                ECB_IRQHandler
                0x000000000001936a                SPIM1_SPIS1_TWIM1_TWIS1_SPI1_TWI1_IRQHandler
                0x000000000001936a                SAADC_IRQHandler
                0x000000000001936a                CCM_AAR_IRQHandler
                0x000000000001936a                WDT_IRQHandler
                0x000000000001936a                FPU_IRQHandler
                0x000000000001936a                SWI5_EGU5_IRQHandler
                0x000000000001936a                RNG_IRQHandler
                0x000000000001936a                RTC2_IRQHandler
                0x000000000001936a                PWM0_IRQHandler
                0x000000000001936a                SWI3_EGU3_IRQHandler
                0x000000000001936a                SWI1_EGU1_IRQHandler
                0x000000000001936a                SPIM2_SPIS2_SPI2_IRQHandler
                0x000000000001936a                NFCT_IRQHandler
                0x000000000001936a                TIMER2_IRQHandler
                0x000000000001936a                MWU_IRQHandler
                0x000000000001936a                COMP_LPCOMP_IRQHandler
                0x000000000001936c                nRFInitialize
 .init          0x0000000000019370       0x5c Output/Release/Obj/ble_app_uart_pca10040_s112/ses_startup_nrf_common.o
                0x0000000000019370                Reset_Handler
                0x0000000000019374                afterInitialize
                0x0000000000019398                InitializeUserMemorySections
                0x00000000000193cc                __init_end__ = (__init_start__ + SIZEOF (.init))
                0x00000000000001cc                __init_size__ = SIZEOF (.init)
                0x00000000000193cc                __init_load_end__ = __init_end__
                0x0000000000000001                . = ASSERT (((__init_start__ == __init_end__) || ((__init_end__ - __FLASH1_segment_start__) <= __FLASH1_segment_size__)), error: .init is too large to fit in FLASH1 memory segment)
                0x00000000000193cc                __init_rodata_load_start__ = ALIGN (__init_end__, 0x4)

.init_rodata    0x00000000000193cc        0x0
                0x00000000000193cc                __init_rodata_start__ = .
 *(.init_rodata .init_rodata.*)
                0x00000000000193cc                __init_rodata_end__ = (__init_rodata_start__ + SIZEOF (.init_rodata))
                0x0000000000000000                __init_rodata_size__ = SIZEOF (.init_rodata)
                0x00000000000193cc                __init_rodata_load_end__ = __init_rodata_end__
                0x0000000000000001                . = ASSERT (((__init_rodata_start__ == __init_rodata_end__) || ((__init_rodata_end__ - __FLASH1_segment_start__) <= __FLASH1_segment_size__)), error: .init_rodata is too large to fit in FLASH1 memory segment)
                0x00000000000193cc                __text_load_start__ = ALIGN (__init_rodata_end__, 0x4)

.text           0x00000000000193cc     0x5a98
                0x00000000000193cc                __text_start__ = .
 *(.text .text.* .gnu.linkonce.t.* .glue_7t .glue_7 .gcc_except_table .ARM.extab* .gnu.linkonce.armextab.*)
 .glue_7        0x00000000000193cc        0x0 linker stubs
 .glue_7t       0x00000000000193cc        0x0 linker stubs
 .text.nrf_log_backend_rtt_flush
                0x00000000000193cc        0x2 Output/Release/Obj/ble_app_uart_pca10040_s112/nrf_log_backend_rtt.o
 *fill*         0x00000000000193ce        0x2 
 .text.nrf_log_backend_rtt_put
                0x00000000000193d0       0x1c Output/Release/Obj/ble_app_uart_pca10040_s112/nrf_log_backend_rtt.o
 .text.serial_tx
                0x00000000000193ec       0x50 Output/Release/Obj/ble_app_uart_pca10040_s112/nrf_log_backend_rtt.o
 .text.nrf_log_backend_rtt_panic_set
                0x000000000001943c        0x2 Output/Release/Obj/ble_app_uart_pca10040_s112/nrf_log_backend_rtt.o
 .text.nrf_log_backend_rtt_init
                0x000000000001943e        0x4 Output/Release/Obj/ble_app_uart_pca10040_s112/nrf_log_backend_rtt.o
                0x000000000001943e                nrf_log_backend_rtt_init
 .text.nrf_log_backend_serial_put
                0x0000000000019442       0xc2 Output/Release/Obj/ble_app_uart_pca10040_s112/nrf_log_backend_serial.o
                0x0000000000019442                nrf_log_backend_serial_put
 .text.nrf_log_default_backends_init
                0x0000000000019504       0x20 Output/Release/Obj/ble_app_uart_pca10040_s112/nrf_log_default_backends.o
                0x0000000000019504                nrf_log_default_backends_init
 .text.invalid_packets_omit
                0x0000000000019524       0x3a Output/Release/Obj/ble_app_uart_pca10040_s112/nrf_log_frontend.o
 *fill*         0x000000000001955e        0x2 
 .text.buf_prealloc
                0x0000000000019560      0x128 Output/Release/Obj/ble_app_uart_pca10040_s112/nrf_log_frontend.o
 .text.nrf_log_init
                0x0000000000019688       0x28 Output/Release/Obj/ble_app_uart_pca10040_s112/nrf_log_frontend.o
                0x0000000000019688                nrf_log_init
 .text.nrf_log_module_name_get
                0x00000000000196b0       0x38 Output/Release/Obj/ble_app_uart_pca10040_s112/nrf_log_frontend.o
                0x00000000000196b0                nrf_log_module_name_get
 .text.nrf_log_color_id_get
                0x00000000000196e8       0x2c Output/Release/Obj/ble_app_uart_pca10040_s112/nrf_log_frontend.o
                0x00000000000196e8                nrf_log_color_id_get
 .text.log_pending_hook
                0x0000000000019714        0x2 Output/Release/Obj/ble_app_uart_pca10040_s112/nrf_log_frontend.o
                0x0000000000019714                log_pending_hook
 *fill*         0x0000000000019716        0x2 
 .text.buffer_is_empty
                0x0000000000019718       0x14 Output/Release/Obj/ble_app_uart_pca10040_s112/nrf_log_frontend.o
                0x0000000000019718                buffer_is_empty
 .text.nrf_log_frontend_dequeue
                0x000000000001972c      0x208 Output/Release/Obj/ble_app_uart_pca10040_s112/nrf_log_frontend.o
                0x000000000001972c                nrf_log_frontend_dequeue
 .text.std_n    0x0000000000019934       0x90 Output/Release/Obj/ble_app_uart_pca10040_s112/nrf_log_frontend.o
 .text.nrf_log_frontend_std_0
                0x00000000000199c4        0x8 Output/Release/Obj/ble_app_uart_pca10040_s112/nrf_log_frontend.o
                0x00000000000199c4                nrf_log_frontend_std_0
 .text.nrf_log_frontend_std_1
                0x00000000000199cc       0x12 Output/Release/Obj/ble_app_uart_pca10040_s112/nrf_log_frontend.o
                0x00000000000199cc                nrf_log_frontend_std_1
 .text.nrf_log_frontend_std_2
                0x00000000000199de       0x14 Output/Release/Obj/ble_app_uart_pca10040_s112/nrf_log_frontend.o
                0x00000000000199de                nrf_log_frontend_std_2
 *fill*         0x00000000000199f2        0x2 
 .text.nrf_log_backend_add
                0x00000000000199f4       0x44 Output/Release/Obj/ble_app_uart_pca10040_s112/nrf_log_frontend.o
                0x00000000000199f4                nrf_log_backend_add
 .text.nrf_log_panic
                0x0000000000019a38       0x28 Output/Release/Obj/ble_app_uart_pca10040_s112/nrf_log_frontend.o
                0x0000000000019a38                nrf_log_panic
 .text.prefix_process
                0x0000000000019a60       0x7c Output/Release/Obj/ble_app_uart_pca10040_s112/nrf_log_str_formatter.o
 .text.postfix_process
                0x0000000000019adc       0x44 Output/Release/Obj/ble_app_uart_pca10040_s112/nrf_log_str_formatter.o
 .text.nrf_log_std_entry_process
                0x0000000000019b20       0xc8 Output/Release/Obj/ble_app_uart_pca10040_s112/nrf_log_str_formatter.o
                0x0000000000019b20                nrf_log_std_entry_process
 .text.nrf_log_hexdump_entry_process
                0x0000000000019be8       0xc0 Output/Release/Obj/ble_app_uart_pca10040_s112/nrf_log_str_formatter.o
                0x0000000000019be8                nrf_log_hexdump_entry_process
 .text.state_set
                0x0000000000019ca8       0x24 Output/Release/Obj/ble_app_uart_pca10040_s112/app_button.o
 .text.button_get
                0x0000000000019ccc       0x30 Output/Release/Obj/ble_app_uart_pca10040_s112/app_button.o
 .text.usr_event
                0x0000000000019cfc       0x20 Output/Release/Obj/ble_app_uart_pca10040_s112/app_button.o
 .text.timer_start
                0x0000000000019d1c       0x18 Output/Release/Obj/ble_app_uart_pca10040_s112/app_button.o
 .text.gpiote_event_handler
                0x0000000000019d34       0x34 Output/Release/Obj/ble_app_uart_pca10040_s112/app_button.o
 .text.evt_handle
                0x0000000000019d68       0xec Output/Release/Obj/ble_app_uart_pca10040_s112/app_button.o
                0x0000000000019d68                evt_handle
 .text.detection_delay_timeout_handler
                0x0000000000019e54       0x5c Output/Release/Obj/ble_app_uart_pca10040_s112/app_button.o
 .text.app_button_init
                0x0000000000019eb0       0xb0 Output/Release/Obj/ble_app_uart_pca10040_s112/app_button.o
                0x0000000000019eb0                app_button_init
 .text.app_button_enable
                0x0000000000019f60       0x2c Output/Release/Obj/ble_app_uart_pca10040_s112/app_button.o
                0x0000000000019f60                app_button_enable
 .text.app_error_handler_bare
                0x0000000000019f8c       0x1a Output/Release/Obj/ble_app_uart_pca10040_s112/app_error.o
                0x0000000000019f8c                app_error_handler_bare
 *fill*         0x0000000000019fa6        0x2 
 .text.app_error_fault_handler
                0x0000000000019fa8       0x6c Output/Release/Obj/ble_app_uart_pca10040_s112/app_error_weak.o
                0x0000000000019fa8                app_error_fault_handler
 .text.app_fifo_init
                0x000000000001a014       0x1e Output/Release/Obj/ble_app_uart_pca10040_s112/app_fifo.o
                0x000000000001a014                app_fifo_init
 .text.app_fifo_put
                0x000000000001a032       0x24 Output/Release/Obj/ble_app_uart_pca10040_s112/app_fifo.o
                0x000000000001a032                app_fifo_put
 .text.app_fifo_get
                0x000000000001a056       0x22 Output/Release/Obj/ble_app_uart_pca10040_s112/app_fifo.o
                0x000000000001a056                app_fifo_get
 .text.compare_func
                0x000000000001a078       0x18 Output/Release/Obj/ble_app_uart_pca10040_s112/app_timer2.o
 .text.get_now  0x000000000001a090       0x38 Output/Release/Obj/ble_app_uart_pca10040_s112/app_timer2.o
 .text.timer_req_schedule
                0x000000000001a0c8       0x38 Output/Release/Obj/ble_app_uart_pca10040_s112/app_timer2.o
 .text.timer_expire
                0x000000000001a100       0xb0 Output/Release/Obj/ble_app_uart_pca10040_s112/app_timer2.o
 .text.app_timer_init
                0x000000000001a1b0       0x64 Output/Release/Obj/ble_app_uart_pca10040_s112/app_timer2.o
                0x000000000001a1b0                app_timer_init
 .text.app_timer_create
                0x000000000001a214       0x24 Output/Release/Obj/ble_app_uart_pca10040_s112/app_timer2.o
                0x000000000001a214                app_timer_create
 .text.app_timer_start
                0x000000000001a238       0x5c Output/Release/Obj/ble_app_uart_pca10040_s112/app_timer2.o
                0x000000000001a238                app_timer_start
 .text.app_timer_stop
                0x000000000001a294       0x4e Output/Release/Obj/ble_app_uart_pca10040_s112/app_timer2.o
                0x000000000001a294                app_timer_stop
 *fill*         0x000000000001a2e2        0x2 
 .text.app_timer_cnt_get
                0x000000000001a2e4        0xc Output/Release/Obj/ble_app_uart_pca10040_s112/app_timer2.o
                0x000000000001a2e4                app_timer_cnt_get
 .text.rtc_irq  0x000000000001a2f0      0x1b8 Output/Release/Obj/ble_app_uart_pca10040_s112/app_timer2.o
 .text.nrf_drv_uart_rx.constprop.0
                0x000000000001a4a8       0x28 Output/Release/Obj/ble_app_uart_pca10040_s112/app_uart_fifo.o
 .text.nrf_drv_uart_tx.constprop.0
                0x000000000001a4d0       0x28 Output/Release/Obj/ble_app_uart_pca10040_s112/app_uart_fifo.o
 .text.uart_event_handler
                0x000000000001a4f8       0xa0 Output/Release/Obj/ble_app_uart_pca10040_s112/app_uart_fifo.o
 .text.app_uart_init
                0x000000000001a598       0xb0 Output/Release/Obj/ble_app_uart_pca10040_s112/app_uart_fifo.o
                0x000000000001a598                app_uart_init
 .text.app_uart_get
                0x000000000001a648       0x2c Output/Release/Obj/ble_app_uart_pca10040_s112/app_uart_fifo.o
                0x000000000001a648                app_uart_get
 .text.app_uart_put
                0x000000000001a674       0x50 Output/Release/Obj/ble_app_uart_pca10040_s112/app_uart_fifo.o
                0x000000000001a674                app_uart_put
 .text.app_util_critical_region_enter
                0x000000000001a6c4       0x48 Output/Release/Obj/ble_app_uart_pca10040_s112/app_util_platform.o
                0x000000000001a6c4                app_util_critical_region_enter
 .text.app_util_critical_region_exit
                0x000000000001a70c       0x2c Output/Release/Obj/ble_app_uart_pca10040_s112/app_util_platform.o
                0x000000000001a70c                app_util_critical_region_exit
 .text.evt_pending.isra.0
                0x000000000001a738       0x1a Output/Release/Obj/ble_app_uart_pca10040_s112/drv_rtc.o
 *fill*         0x000000000001a752        0x2 
 .text.drv_rtc_init
                0x000000000001a754       0xa4 Output/Release/Obj/ble_app_uart_pca10040_s112/drv_rtc.o
                0x000000000001a754                drv_rtc_init
 .text.drv_rtc_start
                0x000000000001a7f8        0x8 Output/Release/Obj/ble_app_uart_pca10040_s112/drv_rtc.o
                0x000000000001a7f8                drv_rtc_start
 .text.drv_rtc_stop
                0x000000000001a800        0x8 Output/Release/Obj/ble_app_uart_pca10040_s112/drv_rtc.o
                0x000000000001a800                drv_rtc_stop
 .text.drv_rtc_compare_set
                0x000000000001a808       0x3e Output/Release/Obj/ble_app_uart_pca10040_s112/drv_rtc.o
                0x000000000001a808                drv_rtc_compare_set
 *fill*         0x000000000001a846        0x2 
 .text.drv_rtc_windowed_compare_set
                0x000000000001a848       0xf0 Output/Release/Obj/ble_app_uart_pca10040_s112/drv_rtc.o
                0x000000000001a848                drv_rtc_windowed_compare_set
 .text.drv_rtc_overflow_enable
                0x000000000001a938       0x10 Output/Release/Obj/ble_app_uart_pca10040_s112/drv_rtc.o
                0x000000000001a938                drv_rtc_overflow_enable
 .text.drv_rtc_overflow_pending
                0x000000000001a948        0xa Output/Release/Obj/ble_app_uart_pca10040_s112/drv_rtc.o
                0x000000000001a948                drv_rtc_overflow_pending
 .text.drv_rtc_compare_disable
                0x000000000001a952       0x14 Output/Release/Obj/ble_app_uart_pca10040_s112/drv_rtc.o
                0x000000000001a952                drv_rtc_compare_disable
 .text.drv_rtc_compare_pending
                0x000000000001a966        0xc Output/Release/Obj/ble_app_uart_pca10040_s112/drv_rtc.o
                0x000000000001a966                drv_rtc_compare_pending
 .text.drv_rtc_counter_get
                0x000000000001a972        0x8 Output/Release/Obj/ble_app_uart_pca10040_s112/drv_rtc.o
                0x000000000001a972                drv_rtc_counter_get
 *fill*         0x000000000001a97a        0x2 
 .text.drv_rtc_irq_trigger
                0x000000000001a97c       0x24 Output/Release/Obj/ble_app_uart_pca10040_s112/drv_rtc.o
                0x000000000001a97c                drv_rtc_irq_trigger
 .text.RTC1_IRQHandler
                0x000000000001a9a0       0x14 Output/Release/Obj/ble_app_uart_pca10040_s112/drv_rtc.o
                0x000000000001a9a0                RTC1_IRQHandler
 .text.nrf_atfifo_init
                0x000000000001a9b4       0x26 Output/Release/Obj/ble_app_uart_pca10040_s112/nrf_atfifo.o
                0x000000000001a9b4                nrf_atfifo_init
 .text.nrf_atfifo_item_alloc
                0x000000000001a9da       0x54 Output/Release/Obj/ble_app_uart_pca10040_s112/nrf_atfifo.o
                0x000000000001a9da                nrf_atfifo_item_alloc
 .text.nrf_atfifo_item_put
                0x000000000001aa2e       0x20 Output/Release/Obj/ble_app_uart_pca10040_s112/nrf_atfifo.o
                0x000000000001aa2e                nrf_atfifo_item_put
 .text.nrf_atfifo_item_get
                0x000000000001aa4e       0x56 Output/Release/Obj/ble_app_uart_pca10040_s112/nrf_atfifo.o
                0x000000000001aa4e                nrf_atfifo_item_get
 .text.nrf_atfifo_item_free
                0x000000000001aaa4       0x20 Output/Release/Obj/ble_app_uart_pca10040_s112/nrf_atfifo.o
                0x000000000001aaa4                nrf_atfifo_item_free
 .text.nrf_atflags_set
                0x000000000001aac4       0x12 Output/Release/Obj/ble_app_uart_pca10040_s112/nrf_atflags.o
                0x000000000001aac4                nrf_atflags_set
 .text.nrf_atflags_clear
                0x000000000001aad6       0x14 Output/Release/Obj/ble_app_uart_pca10040_s112/nrf_atflags.o
                0x000000000001aad6                nrf_atflags_clear
 .text.nrf_atflags_get
                0x000000000001aaea       0x12 Output/Release/Obj/ble_app_uart_pca10040_s112/nrf_atflags.o
                0x000000000001aaea                nrf_atflags_get
 .text.nrf_atomic_u32_fetch_store
                0x000000000001aafc       0x16 Output/Release/Obj/ble_app_uart_pca10040_s112/nrf_atomic.o
                0x000000000001aafc                nrf_atomic_u32_fetch_store
 .text.nrf_atomic_u32_or
                0x000000000001ab12       0x18 Output/Release/Obj/ble_app_uart_pca10040_s112/nrf_atomic.o
                0x000000000001ab12                nrf_atomic_u32_or
 .text.nrf_atomic_u32_fetch_and
                0x000000000001ab2a       0x18 Output/Release/Obj/ble_app_uart_pca10040_s112/nrf_atomic.o
                0x000000000001ab2a                nrf_atomic_u32_fetch_and
 .text.nrf_atomic_u32_and
                0x000000000001ab42       0x18 Output/Release/Obj/ble_app_uart_pca10040_s112/nrf_atomic.o
                0x000000000001ab42                nrf_atomic_u32_and
 .text.nrf_atomic_u32_add
                0x000000000001ab5a       0x18 Output/Release/Obj/ble_app_uart_pca10040_s112/nrf_atomic.o
                0x000000000001ab5a                nrf_atomic_u32_add
 .text.nrf_atomic_u32_sub
                0x000000000001ab72       0x18 Output/Release/Obj/ble_app_uart_pca10040_s112/nrf_atomic.o
                0x000000000001ab72                nrf_atomic_u32_sub
 .text.nrf_atomic_flag_set
                0x000000000001ab8a        0x6 Output/Release/Obj/ble_app_uart_pca10040_s112/nrf_atomic.o
                0x000000000001ab8a                nrf_atomic_flag_set
 .text.nrf_atomic_flag_clear_fetch
                0x000000000001ab90        0x6 Output/Release/Obj/ble_app_uart_pca10040_s112/nrf_atomic.o
                0x000000000001ab90                nrf_atomic_flag_clear_fetch
 .text.nrf_balloc_init
                0x000000000001ab96       0x2e Output/Release/Obj/ble_app_uart_pca10040_s112/nrf_balloc.o
                0x000000000001ab96                nrf_balloc_init
 .text.nrf_balloc_alloc
                0x000000000001abc4       0x48 Output/Release/Obj/ble_app_uart_pca10040_s112/nrf_balloc.o
                0x000000000001abc4                nrf_balloc_alloc
 .text.nrf_balloc_free
                0x000000000001ac0c       0x34 Output/Release/Obj/ble_app_uart_pca10040_s112/nrf_balloc.o
                0x000000000001ac0c                nrf_balloc_free
 .text.nrf_fprintf_buffer_flush
                0x000000000001ac40       0x16 Output/Release/Obj/ble_app_uart_pca10040_s112/nrf_fprintf.o
                0x000000000001ac40                nrf_fprintf_buffer_flush
 .text.nrf_fprintf
                0x000000000001ac56       0x1c Output/Release/Obj/ble_app_uart_pca10040_s112/nrf_fprintf.o
                0x000000000001ac56                nrf_fprintf
 .text.buffer_add
                0x000000000001ac72       0x2e Output/Release/Obj/ble_app_uart_pca10040_s112/nrf_fprintf_format.o
 .text.unsigned_print
                0x000000000001aca0       0xb4 Output/Release/Obj/ble_app_uart_pca10040_s112/nrf_fprintf_format.o
 .text.nrf_fprintf_fmt
                0x000000000001ad54      0x294 Output/Release/Obj/ble_app_uart_pca10040_s112/nrf_fprintf_format.o
                0x000000000001ad54                nrf_fprintf_fmt
 .text.memobj_op
                0x000000000001afe8       0x86 Output/Release/Obj/ble_app_uart_pca10040_s112/nrf_memobj.o
 .text.nrf_memobj_pool_init
                0x000000000001b06e        0x4 Output/Release/Obj/ble_app_uart_pca10040_s112/nrf_memobj.o
                0x000000000001b06e                nrf_memobj_pool_init
 .text.nrf_memobj_free
                0x000000000001b072       0x2c Output/Release/Obj/ble_app_uart_pca10040_s112/nrf_memobj.o
                0x000000000001b072                nrf_memobj_free
 .text.nrf_memobj_alloc
                0x000000000001b09e       0x5e Output/Release/Obj/ble_app_uart_pca10040_s112/nrf_memobj.o
                0x000000000001b09e                nrf_memobj_alloc
 .text.nrf_memobj_get
                0x000000000001b0fc        0x8 Output/Release/Obj/ble_app_uart_pca10040_s112/nrf_memobj.o
                0x000000000001b0fc                nrf_memobj_get
 .text.nrf_memobj_put
                0x000000000001b104       0x1c Output/Release/Obj/ble_app_uart_pca10040_s112/nrf_memobj.o
                0x000000000001b104                nrf_memobj_put
 .text.nrf_memobj_write
                0x000000000001b120       0x14 Output/Release/Obj/ble_app_uart_pca10040_s112/nrf_memobj.o
                0x000000000001b120                nrf_memobj_write
 .text.nrf_memobj_read
                0x000000000001b134       0x14 Output/Release/Obj/ble_app_uart_pca10040_s112/nrf_memobj.o
                0x000000000001b134                nrf_memobj_read
 .text.sd_app_evt_wait
                0x000000000001b148        0x4 Output/Release/Obj/ble_app_uart_pca10040_s112/nrf_pwr_mgmt.o
 .text.nrf_pwr_mgmt_init
                0x000000000001b14c       0x2c Output/Release/Obj/ble_app_uart_pca10040_s112/nrf_pwr_mgmt.o
                0x000000000001b14c                nrf_pwr_mgmt_init
 .text.nrf_pwr_mgmt_run
                0x000000000001b178       0x50 Output/Release/Obj/ble_app_uart_pca10040_s112/nrf_pwr_mgmt.o
                0x000000000001b178                nrf_pwr_mgmt_run
 .text.nrf_ringbuf_init
                0x000000000001b1c8       0x12 Output/Release/Obj/ble_app_uart_pca10040_s112/nrf_ringbuf.o
                0x000000000001b1c8                nrf_ringbuf_init
 .text.nrf_section_iter_init
                0x000000000001b1da       0x14 Output/Release/Obj/ble_app_uart_pca10040_s112/nrf_section_iter.o
                0x000000000001b1da                nrf_section_iter_init
 .text.nrf_section_iter_next
                0x000000000001b1ee       0x18 Output/Release/Obj/ble_app_uart_pca10040_s112/nrf_section_iter.o
                0x000000000001b1ee                nrf_section_iter_next
 .text.nrf_sortlist_add
                0x000000000001b206       0x20 Output/Release/Obj/ble_app_uart_pca10040_s112/nrf_sortlist.o
                0x000000000001b206                nrf_sortlist_add
 .text.nrf_sortlist_pop
                0x000000000001b226        0xc Output/Release/Obj/ble_app_uart_pca10040_s112/nrf_sortlist.o
                0x000000000001b226                nrf_sortlist_pop
 .text.nrf_sortlist_peek
                0x000000000001b232        0x6 Output/Release/Obj/ble_app_uart_pca10040_s112/nrf_sortlist.o
                0x000000000001b232                nrf_sortlist_peek
 .text.nrf_sortlist_remove
                0x000000000001b238       0x1a Output/Release/Obj/ble_app_uart_pca10040_s112/nrf_sortlist.o
                0x000000000001b238                nrf_sortlist_remove
 *fill*         0x000000000001b252        0x2 
 .text.nrf_strerror_find
                0x000000000001b254       0x3c Output/Release/Obj/ble_app_uart_pca10040_s112/nrf_strerror.o
                0x000000000001b254                nrf_strerror_find
 .text.nrf_strerror_get
                0x000000000001b290       0x14 Output/Release/Obj/ble_app_uart_pca10040_s112/nrf_strerror.o
                0x000000000001b290                nrf_strerror_get
 .text.nrf52_errata_12
                0x000000000001b2a4       0x1c Output/Release/Obj/ble_app_uart_pca10040_s112/system_nrf52.o
 .text.nrf52_errata_16
                0x000000000001b2c0       0x28 Output/Release/Obj/ble_app_uart_pca10040_s112/system_nrf52.o
 .text.nvmc_wait
                0x000000000001b2e8       0x10 Output/Release/Obj/ble_app_uart_pca10040_s112/system_nrf52.o
                0x000000000001b2e8                nvmc_wait
 .text.SystemInit
                0x000000000001b2f8      0x298 Output/Release/Obj/ble_app_uart_pca10040_s112/system_nrf52.o
                0x000000000001b2f8                SystemInit
 .text.bsp_board_led_state_get
                0x000000000001b590       0x1c Output/Release/Obj/ble_app_uart_pca10040_s112/boards.o
                0x000000000001b590                bsp_board_led_state_get
 .text.bsp_board_led_on
                0x000000000001b5ac       0x18 Output/Release/Obj/ble_app_uart_pca10040_s112/boards.o
                0x000000000001b5ac                bsp_board_led_on
 .text.bsp_board_led_off
                0x000000000001b5c4       0x18 Output/Release/Obj/ble_app_uart_pca10040_s112/boards.o
                0x000000000001b5c4                bsp_board_led_off
 .text.bsp_board_leds_off
                0x000000000001b5dc       0x1e Output/Release/Obj/ble_app_uart_pca10040_s112/boards.o
                0x000000000001b5dc                bsp_board_leds_off
 .text.bsp_board_leds_on
                0x000000000001b5fa       0x1e Output/Release/Obj/ble_app_uart_pca10040_s112/boards.o
                0x000000000001b5fa                bsp_board_leds_on
 .text.bsp_board_led_invert
                0x000000000001b618       0x24 Output/Release/Obj/ble_app_uart_pca10040_s112/boards.o
                0x000000000001b618                bsp_board_led_invert
 .text.bsp_board_button_state_get
                0x000000000001b63c       0x1c Output/Release/Obj/ble_app_uart_pca10040_s112/boards.o
                0x000000000001b63c                bsp_board_button_state_get
 .text.bsp_board_pin_to_button_idx
                0x000000000001b658       0x24 Output/Release/Obj/ble_app_uart_pca10040_s112/boards.o
                0x000000000001b658                bsp_board_pin_to_button_idx
 .text.bsp_board_button_idx_to_pin
                0x000000000001b67c        0xc Output/Release/Obj/ble_app_uart_pca10040_s112/boards.o
                0x000000000001b67c                bsp_board_button_idx_to_pin
 .text.bsp_board_init
                0x000000000001b688       0x3e Output/Release/Obj/ble_app_uart_pca10040_s112/boards.o
                0x000000000001b688                bsp_board_init
 *fill*         0x000000000001b6c6        0x2 
 .text.clock_clk_started_notify
                0x000000000001b6c8       0x24 Output/Release/Obj/ble_app_uart_pca10040_s112/nrf_drv_clock.o
 .text.clock_irq_handler
                0x000000000001b6ec       0x1c Output/Release/Obj/ble_app_uart_pca10040_s112/nrf_drv_clock.o
 .text.soc_evt_handler
                0x000000000001b708       0x14 Output/Release/Obj/ble_app_uart_pca10040_s112/nrf_drv_clock.o
 .text.nrf_drv_clock_init
                0x000000000001b71c       0x48 Output/Release/Obj/ble_app_uart_pca10040_s112/nrf_drv_clock.o
                0x000000000001b71c                nrf_drv_clock_init
 .text.nrf_drv_clock_lfclk_release
                0x000000000001b764       0x40 Output/Release/Obj/ble_app_uart_pca10040_s112/nrf_drv_clock.o
                0x000000000001b764                nrf_drv_clock_lfclk_release
 .text.sd_state_evt_handler
                0x000000000001b7a4       0x64 Output/Release/Obj/ble_app_uart_pca10040_s112/nrf_drv_clock.o
 .text.uarte_evt_handler
                0x000000000001b808       0x34 Output/Release/Obj/ble_app_uart_pca10040_s112/nrf_drv_uart.o
 .text.uart_evt_handler
                0x000000000001b83c       0x34 Output/Release/Obj/ble_app_uart_pca10040_s112/nrf_drv_uart.o
 .text.nrf_drv_uart_init
                0x000000000001b870       0x7c Output/Release/Obj/ble_app_uart_pca10040_s112/nrf_drv_uart.o
                0x000000000001b870                nrf_drv_uart_init
 .text.nrf_clock_event_clear
                0x000000000001b8ec       0x14 Output/Release/Obj/ble_app_uart_pca10040_s112/nrfx_clock.o
 .text.nrfx_clock_init
                0x000000000001b900       0x18 Output/Release/Obj/ble_app_uart_pca10040_s112/nrfx_clock.o
                0x000000000001b900                nrfx_clock_init
 .text.nrfx_clock_enable
                0x000000000001b918       0x24 Output/Release/Obj/ble_app_uart_pca10040_s112/nrfx_clock.o
                0x000000000001b918                nrfx_clock_enable
 .text.nrfx_clock_lfclk_stop
                0x000000000001b93c       0x22 Output/Release/Obj/ble_app_uart_pca10040_s112/nrfx_clock.o
                0x000000000001b93c                nrfx_clock_lfclk_stop
 *fill*         0x000000000001b95e        0x2 
 .text.POWER_CLOCK_IRQHandler
                0x000000000001b960       0x50 Output/Release/Obj/ble_app_uart_pca10040_s112/nrfx_clock.o
                0x000000000001b960                POWER_CLOCK_IRQHandler
 .text.nrf_gpiote_event_clear
                0x000000000001b9b0       0x18 Output/Release/Obj/ble_app_uart_pca10040_s112/nrfx_gpiote.o
 .text.nrf_gpio_cfg_sense_set
                0x000000000001b9c8       0x20 Output/Release/Obj/ble_app_uart_pca10040_s112/nrfx_gpiote.o
 .text.channel_free
                0x000000000001b9e8       0x1c Output/Release/Obj/ble_app_uart_pca10040_s112/nrfx_gpiote.o
 .text.nrfx_gpiote_init
                0x000000000001ba04       0x70 Output/Release/Obj/ble_app_uart_pca10040_s112/nrfx_gpiote.o
                0x000000000001ba04                nrfx_gpiote_init
 .text.nrfx_gpiote_is_init
                0x000000000001ba74       0x14 Output/Release/Obj/ble_app_uart_pca10040_s112/nrfx_gpiote.o
                0x000000000001ba74                nrfx_gpiote_is_init
 .text.nrfx_gpiote_in_init
                0x000000000001ba88       0xf0 Output/Release/Obj/ble_app_uart_pca10040_s112/nrfx_gpiote.o
                0x000000000001ba88                nrfx_gpiote_in_init
 .text.nrfx_gpiote_in_event_enable
                0x000000000001bb78       0x8c Output/Release/Obj/ble_app_uart_pca10040_s112/nrfx_gpiote.o
                0x000000000001bb78                nrfx_gpiote_in_event_enable
 .text.nrfx_gpiote_in_is_set
                0x000000000001bc04       0x12 Output/Release/Obj/ble_app_uart_pca10040_s112/nrfx_gpiote.o
                0x000000000001bc04                nrfx_gpiote_in_is_set
 *fill*         0x000000000001bc16        0x2 
 .text.GPIOTE_IRQHandler
                0x000000000001bc18      0x14c Output/Release/Obj/ble_app_uart_pca10040_s112/nrfx_gpiote.o
                0x000000000001bc18                GPIOTE_IRQHandler
 .text.UARTE0_UART0_IRQHandler
                0x000000000001bd64        0xc Output/Release/Obj/ble_app_uart_pca10040_s112/nrfx_prs.o
                0x000000000001bd64                UARTE0_UART0_IRQHandler
 .text.nrfx_prs_acquire
                0x000000000001bd70       0x44 Output/Release/Obj/ble_app_uart_pca10040_s112/nrfx_prs.o
                0x000000000001bd70                nrfx_prs_acquire
 .text.nrf_uart_event_clear
                0x000000000001bdb4       0x10 Output/Release/Obj/ble_app_uart_pca10040_s112/nrfx_uart.o
 .text.tx_byte  0x000000000001bdc4       0x1e Output/Release/Obj/ble_app_uart_pca10040_s112/nrfx_uart.o
 .text.rx_enable
                0x000000000001bde2       0x20 Output/Release/Obj/ble_app_uart_pca10040_s112/nrfx_uart.o
 .text.rx_byte  0x000000000001be02       0x2c Output/Release/Obj/ble_app_uart_pca10040_s112/nrfx_uart.o
 *fill*         0x000000000001be2e        0x2 
 .text.rx_done_event.constprop.0
                0x000000000001be30       0x20 Output/Release/Obj/ble_app_uart_pca10040_s112/nrfx_uart.o
 .text.nrfx_uart_0_irq_handler
                0x000000000001be50      0x140 Output/Release/Obj/ble_app_uart_pca10040_s112/nrfx_uart.o
                0x000000000001be50                nrfx_uart_0_irq_handler
 .text.nrfx_uart_init
                0x000000000001bf90      0x168 Output/Release/Obj/ble_app_uart_pca10040_s112/nrfx_uart.o
                0x000000000001bf90                nrfx_uart_init
 .text.nrfx_uart_tx_in_progress
                0x000000000001c0f8       0x18 Output/Release/Obj/ble_app_uart_pca10040_s112/nrfx_uart.o
                0x000000000001c0f8                nrfx_uart_tx_in_progress
 .text.nrfx_uart_tx
                0x000000000001c110       0xa0 Output/Release/Obj/ble_app_uart_pca10040_s112/nrfx_uart.o
                0x000000000001c110                nrfx_uart_tx
 .text.nrfx_uart_rx
                0x000000000001c1b0       0xf4 Output/Release/Obj/ble_app_uart_pca10040_s112/nrfx_uart.o
                0x000000000001c1b0                nrfx_uart_rx
 .text.nrf_uarte_event_clear
                0x000000000001c2a4       0x10 Output/Release/Obj/ble_app_uart_pca10040_s112/nrfx_uarte.o
 .text.rx_done_event.constprop.0
                0x000000000001c2b4       0x20 Output/Release/Obj/ble_app_uart_pca10040_s112/nrfx_uarte.o
 .text.nrfx_uarte_0_irq_handler
                0x000000000001c2d4      0x118 Output/Release/Obj/ble_app_uart_pca10040_s112/nrfx_uarte.o
                0x000000000001c2d4                nrfx_uarte_0_irq_handler
 .text.nrfx_uarte_init
                0x000000000001c3ec      0x184 Output/Release/Obj/ble_app_uart_pca10040_s112/nrfx_uarte.o
                0x000000000001c3ec                nrfx_uarte_init
 .text.nrfx_uarte_tx_in_progress
                0x000000000001c570       0x18 Output/Release/Obj/ble_app_uart_pca10040_s112/nrfx_uarte.o
                0x000000000001c570                nrfx_uarte_tx_in_progress
 .text.nrfx_uarte_tx
                0x000000000001c588       0x9c Output/Release/Obj/ble_app_uart_pca10040_s112/nrfx_uarte.o
                0x000000000001c588                nrfx_uarte_tx
 .text.nrfx_uarte_rx
                0x000000000001c624       0xd8 Output/Release/Obj/ble_app_uart_pca10040_s112/nrfx_uarte.o
                0x000000000001c624                nrfx_uarte_rx
 .text.alert_timer_handler
                0x000000000001c6fc        0x6 Output/Release/Obj/ble_app_uart_pca10040_s112/bsp.o
 *fill*         0x000000000001c702        0x2 
 .text.bsp_button_event_handler
                0x000000000001c704       0x9c Output/Release/Obj/ble_app_uart_pca10040_s112/bsp.o
 .text.button_timer_handler
                0x000000000001c7a0        0x8 Output/Release/Obj/ble_app_uart_pca10040_s112/bsp.o
 .text.leds_off
                0x000000000001c7a8       0x2c Output/Release/Obj/ble_app_uart_pca10040_s112/bsp.o
 .text.bsp_led_indication
                0x000000000001c7d4      0x200 Output/Release/Obj/ble_app_uart_pca10040_s112/bsp.o
 .text.leds_timer_handler
                0x000000000001c9d4       0x1c Output/Release/Obj/ble_app_uart_pca10040_s112/bsp.o
 .text.wakeup_button_cfg.part.0
                0x000000000001c9f0       0x30 Output/Release/Obj/ble_app_uart_pca10040_s112/bsp.o
 .text.bsp_button_is_pressed
                0x000000000001ca20        0xc Output/Release/Obj/ble_app_uart_pca10040_s112/bsp.o
                0x000000000001ca20                bsp_button_is_pressed
 .text.bsp_indication_set
                0x000000000001ca2c       0x18 Output/Release/Obj/ble_app_uart_pca10040_s112/bsp.o
                0x000000000001ca2c                bsp_indication_set
 .text.bsp_init
                0x000000000001ca44       0x9c Output/Release/Obj/ble_app_uart_pca10040_s112/bsp.o
                0x000000000001ca44                bsp_init
 .text.bsp_event_to_button_action_assign
                0x000000000001cae0       0x4c Output/Release/Obj/ble_app_uart_pca10040_s112/bsp.o
                0x000000000001cae0                bsp_event_to_button_action_assign
 .text.bsp_wakeup_button_enable
                0x000000000001cb2c        0xe Output/Release/Obj/ble_app_uart_pca10040_s112/bsp.o
                0x000000000001cb2c                bsp_wakeup_button_enable
 .text.advertising_buttons_configure
                0x000000000001cb3a       0x36 Output/Release/Obj/ble_app_uart_pca10040_s112/bsp_btn_ble.o
 .text.ble_evt_handler
                0x000000000001cb70       0x80 Output/Release/Obj/ble_app_uart_pca10040_s112/bsp_btn_ble.o
 .text.bsp_btn_ble_sleep_mode_prepare
                0x000000000001cbf0       0x1e Output/Release/Obj/ble_app_uart_pca10040_s112/bsp_btn_ble.o
                0x000000000001cbf0                bsp_btn_ble_sleep_mode_prepare
 *fill*         0x000000000001cc0e        0x2 
 .text.bsp_btn_ble_init
                0x000000000001cc10       0x40 Output/Release/Obj/ble_app_uart_pca10040_s112/bsp_btn_ble.o
                0x000000000001cc10                bsp_btn_ble_init
 .text.sd_ble_gap_disconnect
                0x000000000001cc50        0x4 Output/Release/Obj/ble_app_uart_pca10040_s112/main.o
 .text.sd_ble_gap_ppcp_set
                0x000000000001cc54        0x4 Output/Release/Obj/ble_app_uart_pca10040_s112/main.o
 .text.sd_ble_gap_device_name_set
                0x000000000001cc58        0x4 Output/Release/Obj/ble_app_uart_pca10040_s112/main.o
 .text.sd_ble_gap_sec_params_reply
                0x000000000001cc5c        0x4 Output/Release/Obj/ble_app_uart_pca10040_s112/main.o
 .text.sd_ble_gap_phy_update
                0x000000000001cc60        0x4 Output/Release/Obj/ble_app_uart_pca10040_s112/main.o
 .text.sd_ble_gatts_sys_attr_set
                0x000000000001cc64        0x4 Output/Release/Obj/ble_app_uart_pca10040_s112/main.o
 .text.sd_power_system_off
                0x000000000001cc68        0x4 Output/Release/Obj/ble_app_uart_pca10040_s112/main.o
 .text.nrf_qwr_error_handler
                0x000000000001cc6c        0x4 Output/Release/Obj/ble_app_uart_pca10040_s112/main.o
 .text.sleep_mode_enter
                0x000000000001cc70       0x28 Output/Release/Obj/ble_app_uart_pca10040_s112/main.o
 .text.ble_evt_handler
                0x000000000001cc98       0xe0 Output/Release/Obj/ble_app_uart_pca10040_s112/main.o
 .text.on_conn_params_evt
                0x000000000001cd78       0x20 Output/Release/Obj/ble_app_uart_pca10040_s112/main.o
 .text.bsp_event_handler
                0x000000000001cd98       0x4c Output/Release/Obj/ble_app_uart_pca10040_s112/main.o
                0x000000000001cd98                bsp_event_handler
 .text.on_adv_evt
                0x000000000001cde4       0x22 Output/Release/Obj/ble_app_uart_pca10040_s112/main.o
 *fill*         0x000000000001ce06        0x2 
 .text.uart_event_handle
                0x000000000001ce08       0x90 Output/Release/Obj/ble_app_uart_pca10040_s112/main.o
                0x000000000001ce08                uart_event_handle
 .text.nus_data_handler
                0x000000000001ce98       0x6c Output/Release/Obj/ble_app_uart_pca10040_s112/main.o
 .text.gatt_evt_handler
                0x000000000001cf04       0x4c Output/Release/Obj/ble_app_uart_pca10040_s112/main.o
                0x000000000001cf04                gatt_evt_handler
 .text.conn_params_error_handler
                0x000000000001cf50        0x4 Output/Release/Obj/ble_app_uart_pca10040_s112/main.o
 .text.gatt_init
                0x000000000001cf54       0x2c Output/Release/Obj/ble_app_uart_pca10040_s112/main.o
                0x000000000001cf54                gatt_init
 .text.startup.main
                0x000000000001cf80      0x204 Output/Release/Obj/ble_app_uart_pca10040_s112/main.o
                0x000000000001cf80                main
 .text._GetAvailWriteSpace
                0x000000000001d184       0x12 Output/Release/Obj/ble_app_uart_pca10040_s112/SEGGER_RTT.o
 .text._WriteNoCheck
                0x000000000001d196       0x38 Output/Release/Obj/ble_app_uart_pca10040_s112/SEGGER_RTT.o
 .text._WriteBlocking
                0x000000000001d1ce       0x52 Output/Release/Obj/ble_app_uart_pca10040_s112/SEGGER_RTT.o
 .text._DoInit  0x000000000001d220       0x60 Output/Release/Obj/ble_app_uart_pca10040_s112/SEGGER_RTT.o
 .text.SEGGER_RTT_WriteNoLock
                0x000000000001d280       0x60 Output/Release/Obj/ble_app_uart_pca10040_s112/SEGGER_RTT.o
                0x000000000001d280                SEGGER_RTT_WriteNoLock
 .text.SEGGER_RTT_Init
                0x000000000001d2e0        0x4 Output/Release/Obj/ble_app_uart_pca10040_s112/SEGGER_RTT.o
                0x000000000001d2e0                SEGGER_RTT_Init
 .text.sd_ble_gap_addr_get
                0x000000000001d2e4        0x4 Output/Release/Obj/ble_app_uart_pca10040_s112/ble_advdata.o
 .text.sd_ble_gap_appearance_get
                0x000000000001d2e8        0x4 Output/Release/Obj/ble_app_uart_pca10040_s112/ble_advdata.o
 .text.sd_ble_gap_device_name_get
                0x000000000001d2ec        0x4 Output/Release/Obj/ble_app_uart_pca10040_s112/ble_advdata.o
 .text.sd_ble_uuid_encode
                0x000000000001d2f0        0x4 Output/Release/Obj/ble_app_uart_pca10040_s112/ble_advdata.o
 .text.uuid_list_sized_encode
                0x000000000001d2f4       0xac Output/Release/Obj/ble_app_uart_pca10040_s112/ble_advdata.o
 .text.uuid_list_encode
                0x000000000001d3a0       0x38 Output/Release/Obj/ble_app_uart_pca10040_s112/ble_advdata.o
 .text.ble_advdata_encode
                0x000000000001d3d8      0x394 Output/Release/Obj/ble_app_uart_pca10040_s112/ble_advdata.o
                0x000000000001d3d8                ble_advdata_encode
 .text.ble_advdata_search
                0x000000000001d76c       0x48 Output/Release/Obj/ble_app_uart_pca10040_s112/ble_advdata.o
                0x000000000001d76c                ble_advdata_search
 .text.ble_advdata_parse
                0x000000000001d7b4       0x20 Output/Release/Obj/ble_app_uart_pca10040_s112/ble_advdata.o
                0x000000000001d7b4                ble_advdata_parse
 .text.sd_ble_gap_adv_set_configure
                0x000000000001d7d4        0x4 Output/Release/Obj/ble_app_uart_pca10040_s112/ble_advertising.o
 .text.sd_ble_gap_adv_start
                0x000000000001d7d8        0x4 Output/Release/Obj/ble_app_uart_pca10040_s112/ble_advertising.o
 .text.sd_ble_gap_adv_stop
                0x000000000001d7dc        0x4 Output/Release/Obj/ble_app_uart_pca10040_s112/ble_advertising.o
 .text.flags_set
                0x000000000001d7e0       0x2c Output/Release/Obj/ble_app_uart_pca10040_s112/ble_advertising.o
 .text.ble_advertising_conn_cfg_tag_set
                0x000000000001d80c        0x6 Output/Release/Obj/ble_app_uart_pca10040_s112/ble_advertising.o
                0x000000000001d80c                ble_advertising_conn_cfg_tag_set
 .text.ble_advertising_init
                0x000000000001d812       0xe0 Output/Release/Obj/ble_app_uart_pca10040_s112/ble_advertising.o
                0x000000000001d812                ble_advertising_init
 .text.ble_advertising_start
                0x000000000001d8f2      0x1fe Output/Release/Obj/ble_app_uart_pca10040_s112/ble_advertising.o
                0x000000000001d8f2                ble_advertising_start
 .text.ble_advertising_on_ble_evt
                0x000000000001daf0       0x6a Output/Release/Obj/ble_app_uart_pca10040_s112/ble_advertising.o
                0x000000000001daf0                ble_advertising_on_ble_evt
 .text.ble_advertising_restart_without_whitelist
                0x000000000001db5a       0x3c Output/Release/Obj/ble_app_uart_pca10040_s112/ble_advertising.o
                0x000000000001db5a                ble_advertising_restart_without_whitelist
 .text.sd_ble_gap_conn_param_update
                0x000000000001db96        0x4 Output/Release/Obj/ble_app_uart_pca10040_s112/ble_conn_params.o
 .text.sd_ble_gap_disconnect
                0x000000000001db9a        0x4 Output/Release/Obj/ble_app_uart_pca10040_s112/ble_conn_params.o
 .text.sd_ble_gap_ppcp_set
                0x000000000001db9e        0x4 Output/Release/Obj/ble_app_uart_pca10040_s112/ble_conn_params.o
 .text.sd_ble_gap_ppcp_get
                0x000000000001dba2        0x4 Output/Release/Obj/ble_app_uart_pca10040_s112/ble_conn_params.o
 *fill*         0x000000000001dba6        0x2 
 .text.instance_get
                0x000000000001dba8       0x14 Output/Release/Obj/ble_app_uart_pca10040_s112/ble_conn_params.o
 .text.send_error_evt
                0x000000000001dbbc       0x10 Output/Release/Obj/ble_app_uart_pca10040_s112/ble_conn_params.o
 .text.update_timeout_handler
                0x000000000001dbcc       0x70 Output/Release/Obj/ble_app_uart_pca10040_s112/ble_conn_params.o
 .text.conn_params_negotiation
                0x000000000001dc3c       0x48 Output/Release/Obj/ble_app_uart_pca10040_s112/ble_conn_params.o
 .text.is_conn_params_ok.constprop.0
                0x000000000001dc84       0x32 Output/Release/Obj/ble_app_uart_pca10040_s112/ble_conn_params.o
 *fill*         0x000000000001dcb6        0x2 
 .text.ble_evt_handler
                0x000000000001dcb8       0xe0 Output/Release/Obj/ble_app_uart_pca10040_s112/ble_conn_params.o
 .text.ble_conn_params_init
                0x000000000001dd98       0x74 Output/Release/Obj/ble_app_uart_pca10040_s112/ble_conn_params.o
                0x000000000001dd98                ble_conn_params_init
 .text.flag_toggle
                0x000000000001de0c        0xa Output/Release/Obj/ble_app_uart_pca10040_s112/ble_conn_state.o
 .text.conn_handle_list_get
                0x000000000001de16       0x2e Output/Release/Obj/ble_app_uart_pca10040_s112/ble_conn_state.o
                0x000000000001de16                conn_handle_list_get
 .text.ble_evt_handler
                0x000000000001de44       0xf4 Output/Release/Obj/ble_app_uart_pca10040_s112/ble_conn_state.o
 .text.ble_conn_state_valid
                0x000000000001df38       0x14 Output/Release/Obj/ble_app_uart_pca10040_s112/ble_conn_state.o
                0x000000000001df38                ble_conn_state_valid
 .text.ble_conn_state_conn_idx
                0x000000000001df4c       0x12 Output/Release/Obj/ble_app_uart_pca10040_s112/ble_conn_state.o
                0x000000000001df4c                ble_conn_state_conn_idx
 .text.blcm_link_ctx_get
                0x000000000001df5e       0x4e Output/Release/Obj/ble_app_uart_pca10040_s112/ble_link_ctx_manager.o
                0x000000000001df5e                blcm_link_ctx_get
 .text.sd_ble_gatts_characteristic_add
                0x000000000001dfac        0x4 Output/Release/Obj/ble_app_uart_pca10040_s112/ble_srv_common.o
 .text.set_security_req
                0x000000000001dfb0       0x2a Output/Release/Obj/ble_app_uart_pca10040_s112/ble_srv_common.o
 .text.ble_srv_is_notification_enabled
                0x000000000001dfda        0x8 Output/Release/Obj/ble_app_uart_pca10040_s112/ble_srv_common.o
                0x000000000001dfda                ble_srv_is_notification_enabled
 .text.characteristic_add
                0x000000000001dfe2      0x148 Output/Release/Obj/ble_app_uart_pca10040_s112/ble_srv_common.o
                0x000000000001dfe2                characteristic_add
 .text.sd_ble_gattc_exchange_mtu_request
                0x000000000001e12a        0x4 Output/Release/Obj/ble_app_uart_pca10040_s112/nrf_ble_gatt.o
 .text.sd_ble_gatts_exchange_mtu_reply
                0x000000000001e12e        0x4 Output/Release/Obj/ble_app_uart_pca10040_s112/nrf_ble_gatt.o
 .text.nrf_ble_gatt_init
                0x000000000001e132       0x1e Output/Release/Obj/ble_app_uart_pca10040_s112/nrf_ble_gatt.o
                0x000000000001e132                nrf_ble_gatt_init
 .text.nrf_ble_gatt_att_mtu_periph_set
                0x000000000001e150       0x18 Output/Release/Obj/ble_app_uart_pca10040_s112/nrf_ble_gatt.o
                0x000000000001e150                nrf_ble_gatt_att_mtu_periph_set
 .text.nrf_ble_gatt_on_ble_evt
                0x000000000001e168      0x14c Output/Release/Obj/ble_app_uart_pca10040_s112/nrf_ble_gatt.o
                0x000000000001e168                nrf_ble_gatt_on_ble_evt
 .text.sd_ble_gatts_rw_authorize_reply
                0x000000000001e2b4        0x4 Output/Release/Obj/ble_app_uart_pca10040_s112/nrf_ble_qwr.o
 .text.sd_ble_user_mem_reply
                0x000000000001e2b8        0x4 Output/Release/Obj/ble_app_uart_pca10040_s112/nrf_ble_qwr.o
 .text.user_mem_reply.part.0
                0x000000000001e2bc       0x24 Output/Release/Obj/ble_app_uart_pca10040_s112/nrf_ble_qwr.o
 .text.nrf_ble_qwr_init
                0x000000000001e2e0       0x24 Output/Release/Obj/ble_app_uart_pca10040_s112/nrf_ble_qwr.o
                0x000000000001e2e0                nrf_ble_qwr_init
 .text.nrf_ble_qwr_conn_handle_assign
                0x000000000001e304       0x16 Output/Release/Obj/ble_app_uart_pca10040_s112/nrf_ble_qwr.o
                0x000000000001e304                nrf_ble_qwr_conn_handle_assign
 .text.nrf_ble_qwr_on_ble_evt
                0x000000000001e31a       0xa6 Output/Release/Obj/ble_app_uart_pca10040_s112/nrf_ble_qwr.o
                0x000000000001e31a                nrf_ble_qwr_on_ble_evt
 .text.sd_ble_gatts_service_add
                0x000000000001e3c0        0x4 Output/Release/Obj/ble_app_uart_pca10040_s112/ble_nus.o
 .text.sd_ble_gatts_value_get
                0x000000000001e3c4        0x4 Output/Release/Obj/ble_app_uart_pca10040_s112/ble_nus.o
 .text.sd_ble_gatts_hvx
                0x000000000001e3c8        0x4 Output/Release/Obj/ble_app_uart_pca10040_s112/ble_nus.o
 .text.sd_ble_uuid_vs_add
                0x000000000001e3cc        0x4 Output/Release/Obj/ble_app_uart_pca10040_s112/ble_nus.o
 .text.ble_nus_on_ble_evt
                0x000000000001e3d0      0x130 Output/Release/Obj/ble_app_uart_pca10040_s112/ble_nus.o
                0x000000000001e3d0                ble_nus_on_ble_evt
 .text.ble_nus_init
                0x000000000001e500       0xf4 Output/Release/Obj/ble_app_uart_pca10040_s112/ble_nus.o
                0x000000000001e500                ble_nus_init
 .text.ble_nus_data_send
                0x000000000001e5f4       0x64 Output/Release/Obj/ble_app_uart_pca10040_s112/ble_nus.o
                0x000000000001e5f4                ble_nus_data_send
 .text.sd_softdevice_enable
                0x000000000001e658        0x4 Output/Release/Obj/ble_app_uart_pca10040_s112/nrf_sdh.o
 .text.sdh_request_observer_notify
                0x000000000001e65c       0x30 Output/Release/Obj/ble_app_uart_pca10040_s112/nrf_sdh.o
 .text.sdh_state_observer_notify
                0x000000000001e68c       0x28 Output/Release/Obj/ble_app_uart_pca10040_s112/nrf_sdh.o
 .text.softdevices_evt_irq_enable
                0x000000000001e6b4       0x38 Output/Release/Obj/ble_app_uart_pca10040_s112/nrf_sdh.o
 .text.nrf_sdh_enable_request
                0x000000000001e6ec       0x7c Output/Release/Obj/ble_app_uart_pca10040_s112/nrf_sdh.o
                0x000000000001e6ec                nrf_sdh_enable_request
 .text.nrf_sdh_is_enabled
                0x000000000001e768        0xc Output/Release/Obj/ble_app_uart_pca10040_s112/nrf_sdh.o
                0x000000000001e768                nrf_sdh_is_enabled
 .text.nrf_sdh_evts_poll
                0x000000000001e774       0x28 Output/Release/Obj/ble_app_uart_pca10040_s112/nrf_sdh.o
                0x000000000001e774                nrf_sdh_evts_poll
 .text.SWI2_EGU2_IRQHandler
                0x000000000001e79c        0x4 Output/Release/Obj/ble_app_uart_pca10040_s112/nrf_sdh.o
                0x000000000001e79c                SWI2_EGU2_IRQHandler
 .text.sd_ble_enable
                0x000000000001e7a0        0x4 Output/Release/Obj/ble_app_uart_pca10040_s112/nrf_sdh_ble.o
 .text.sd_ble_cfg_set
                0x000000000001e7a4        0x4 Output/Release/Obj/ble_app_uart_pca10040_s112/nrf_sdh_ble.o
 .text.sd_ble_evt_get
                0x000000000001e7a8        0x4 Output/Release/Obj/ble_app_uart_pca10040_s112/nrf_sdh_ble.o
 .text.nrf_sdh_ble_evts_poll.part.0
                0x000000000001e7ac       0x54 Output/Release/Obj/ble_app_uart_pca10040_s112/nrf_sdh_ble.o
 .text.nrf_sdh_ble_evts_poll
                0x000000000001e800       0x10 Output/Release/Obj/ble_app_uart_pca10040_s112/nrf_sdh_ble.o
 .text.nrf_sdh_ble_default_cfg_set
                0x000000000001e810      0x180 Output/Release/Obj/ble_app_uart_pca10040_s112/nrf_sdh_ble.o
                0x000000000001e810                nrf_sdh_ble_default_cfg_set
 .text.nrf_sdh_ble_enable
                0x000000000001e990       0x98 Output/Release/Obj/ble_app_uart_pca10040_s112/nrf_sdh_ble.o
                0x000000000001e990                nrf_sdh_ble_enable
 .text.sd_evt_get
                0x000000000001ea28        0x4 Output/Release/Obj/ble_app_uart_pca10040_s112/nrf_sdh_soc.o
 .text.nrf_sdh_soc_evts_poll
                0x000000000001ea2c       0x40 Output/Release/Obj/ble_app_uart_pca10040_s112/nrf_sdh_soc.o
 .text.libc.putchar
                0x000000000001ea6c        0xe C:/Program Files/SEGGER/SEGGER Embedded Studio for ARM 6.22a/lib/libc_v7em_fpv4_sp_d16_hard_t_le_eabi_balanced.a(fileops.o)
                0x000000000001ea6c                putchar
 .text.libc.fputc
                0x000000000001ea7a       0x24 C:/Program Files/SEGGER/SEGGER Embedded Studio for ARM 6.22a/lib/libc_v7em_fpv4_sp_d16_hard_t_le_eabi_balanced.a(fileops.o)
                0x000000000001ea7a                fputc
 .text.libc.puts
                0x000000000001ea9e       0x30 C:/Program Files/SEGGER/SEGGER Embedded Studio for ARM 6.22a/lib/libc_v7em_fpv4_sp_d16_hard_t_le_eabi_balanced.a(fileops.o)
                0x000000000001ea9e                puts
 .text.libc.fwrite
                0x000000000001eace       0x2e C:/Program Files/SEGGER/SEGGER Embedded Studio for ARM 6.22a/lib/libc_v7em_fpv4_sp_d16_hard_t_le_eabi_balanced.a(fileops.o)
                0x000000000001eace                fwrite
 .text.libc.__aeabi_uldivmod
                0x000000000001eafc      0x130 C:/Program Files/SEGGER/SEGGER Embedded Studio for ARM 6.22a/lib/libc_v7em_fpv4_sp_d16_hard_t_le_eabi_balanced.a(intasmops_arm.o)
                0x000000000001eafc                __aeabi_uldivmod
 .text.libc.__SEGGER_RTL_ascii_mbtowc
                0x000000000001ec2c       0x36 C:/Program Files/SEGGER/SEGGER Embedded Studio for ARM 6.22a/lib/libc_v7em_fpv4_sp_d16_hard_t_le_eabi_balanced.a(mbops.o)
                0x000000000001ec2c                __SEGGER_RTL_ascii_mbtowc
 .text.libc.__SEGGER_RTL_ascii_wctomb
                0x000000000001ec62       0x18 C:/Program Files/SEGGER/SEGGER Embedded Studio for ARM 6.22a/lib/libc_v7em_fpv4_sp_d16_hard_t_le_eabi_balanced.a(mbops.o)
                0x000000000001ec62                __SEGGER_RTL_ascii_wctomb
 .text.libc.isprint
                0x000000000001ec7a       0x14 C:/Program Files/SEGGER/SEGGER Embedded Studio for ARM 6.22a/lib/libc_v7em_fpv4_sp_d16_hard_t_le_eabi_balanced.a(mbops.o)
                0x000000000001ec7a                isprint
 .text.libc.__SEGGER_RTL_ascii_isctype
                0x000000000001ec8e       0x20 C:/Program Files/SEGGER/SEGGER Embedded Studio for ARM 6.22a/lib/libc_v7em_fpv4_sp_d16_hard_t_le_eabi_balanced.a(mbops.o)
 .text.libc.__SEGGER_RTL_ascii_toupper
                0x000000000001ecae        0xc C:/Program Files/SEGGER/SEGGER Embedded Studio for ARM 6.22a/lib/libc_v7em_fpv4_sp_d16_hard_t_le_eabi_balanced.a(mbops.o)
 .text.libc.__SEGGER_RTL_ascii_tolower
                0x000000000001ecba        0xc C:/Program Files/SEGGER/SEGGER Embedded Studio for ARM 6.22a/lib/libc_v7em_fpv4_sp_d16_hard_t_le_eabi_balanced.a(mbops.o)
 .text.libc.__SEGGER_RTL_ascii_iswctype
                0x000000000001ecc6       0x20 C:/Program Files/SEGGER/SEGGER Embedded Studio for ARM 6.22a/lib/libc_v7em_fpv4_sp_d16_hard_t_le_eabi_balanced.a(mbops.o)
 .text.libc.__SEGGER_RTL_ascii_towupper
                0x000000000001ece6        0xc C:/Program Files/SEGGER/SEGGER Embedded Studio for ARM 6.22a/lib/libc_v7em_fpv4_sp_d16_hard_t_le_eabi_balanced.a(mbops.o)
 .text.libc.__SEGGER_RTL_ascii_towlower
                0x000000000001ecf2        0xc C:/Program Files/SEGGER/SEGGER Embedded Studio for ARM 6.22a/lib/libc_v7em_fpv4_sp_d16_hard_t_le_eabi_balanced.a(mbops.o)
 *fill*         0x000000000001ecfe        0x2 
 .text.libc.strcpy
                0x000000000001ed00       0x38 C:/Program Files/SEGGER/SEGGER Embedded Studio for ARM 6.22a/lib/libc_v7em_fpv4_sp_d16_hard_t_le_eabi_balanced.a(strasmops_arm.o)
                0x000000000001ed00                strcpy
 .text.libc.strlen
                0x000000000001ed38       0x60 C:/Program Files/SEGGER/SEGGER Embedded Studio for ARM 6.22a/lib/libc_v7em_fpv4_sp_d16_hard_t_le_eabi_balanced.a(strasmops_arm.o)
                0x000000000001ed38                strlen
 .text.libc.memcpy
                0x000000000001ed98       0x4c C:/Program Files/SEGGER/SEGGER Embedded Studio for ARM 6.22a/lib/libc_v7em_fpv4_sp_d16_hard_t_le_eabi_balanced.a(strasmops_arm.o)
                0x000000000001ed98                __aeabi_memcpy
                0x000000000001ed98                memcpy
                0x000000000001eda4                __aeabi_memcpy8
                0x000000000001eda4                __aeabi_memcpy4
 .text.libc.__aeabi_memclr
                0x000000000001ede4       0x6c C:/Program Files/SEGGER/SEGGER Embedded Studio for ARM 6.22a/lib/libc_v7em_fpv4_sp_d16_hard_t_le_eabi_balanced.a(strasmops_arm.o)
                0x000000000001ede4                __aeabi_memclr8
                0x000000000001ede4                __aeabi_memclr
                0x000000000001ede4                __aeabi_memclr4
                0x000000000001ede6                __aeabi_memset4
                0x000000000001ede6                __aeabi_memset8
                0x000000000001ede6                __aeabi_memset
                0x000000000001edec                memset
 .text.__SEGGER_RTL_init_heap
                0x000000000001ee50       0x14 C:/Program Files/SEGGER/SEGGER Embedded Studio for ARM 6.22a/lib/heapops_basic_v7em_little.a(heapops_basic.o)
                0x000000000001ee50                __SEGGER_RTL_init_heap
                0x000000000001ee64                . = ALIGN (MAX ((__text_start__ + 0x4), .), 0x4)
                0x000000000001ee64                __text_end__ = (__text_start__ + SIZEOF (.text))
                0x0000000000005a98                __text_size__ = SIZEOF (.text)
                0x000000000001ee64                __text_load_end__ = __text_end__

.vfp11_veneer   0x0000000100000000        0x0
 .vfp11_veneer  0x0000000100000000        0x0 linker stubs

.v4_bx          0x0000000100000000        0x0
 .v4_bx         0x0000000100000000        0x0 linker stubs

.iplt           0x0000000100000000        0x0
 .iplt          0x0000000100000000        0x0 Output/Release/Obj/ble_app_uart_pca10040_s112/thumb_crt0.o
                0x0000000000000001                . = ASSERT (((__text_start__ == __text_end__) || ((__text_end__ - __FLASH1_segment_start__) <= __FLASH1_segment_size__)), error: .text is too large to fit in FLASH1 memory segment)
                0x000000000001ee64                __sdh_soc_observers_load_start__ = ALIGN (__text_end__, 0x4)

.sdh_soc_observers
                0x000000000001ee64        0x8
                0x000000000001ee64                __sdh_soc_observers_start__ = .
                0x000000000001ee64                __start_sdh_soc_observers = __sdh_soc_observers_start__
 *(SORT_BY_NAME(.sdh_soc_observers*))
 .sdh_soc_observers0
                0x000000000001ee64        0x8 Output/Release/Obj/ble_app_uart_pca10040_s112/nrf_drv_clock.o
                0x000000000001ee6c                __sdh_soc_observers_end__ = (__sdh_soc_observers_start__ + SIZEOF (.sdh_soc_observers))
                0x0000000000000008                __sdh_soc_observers_size__ = SIZEOF (.sdh_soc_observers)
                0x000000000001ee6c                __stop_sdh_soc_observers = __sdh_soc_observers_end__
                0x000000000001ee6c                __sdh_soc_observers_load_end__ = __sdh_soc_observers_end__
                0x0000000000000001                . = ASSERT (((__sdh_soc_observers_start__ == __sdh_soc_observers_end__) || ((__sdh_soc_observers_end__ - __FLASH1_segment_start__) <= __FLASH1_segment_size__)), error: .sdh_soc_observers is too large to fit in FLASH1 memory segment)
                0x000000000001ee6c                __sdh_ble_observers_load_start__ = ALIGN (__sdh_soc_observers_end__, 0x4)

.sdh_ble_observers
                0x000000000001ee6c       0x40
                0x000000000001ee6c                __sdh_ble_observers_start__ = .
                0x000000000001ee6c                __start_sdh_ble_observers = __sdh_ble_observers_start__
 *(SORT_BY_NAME(.sdh_ble_observers*))
 .sdh_ble_observers0
                0x000000000001ee6c        0x8 Output/Release/Obj/ble_app_uart_pca10040_s112/ble_conn_state.o
 .sdh_ble_observers1
                0x000000000001ee74        0x8 Output/Release/Obj/ble_app_uart_pca10040_s112/bsp_btn_ble.o
 .sdh_ble_observers1
                0x000000000001ee7c       0x10 Output/Release/Obj/ble_app_uart_pca10040_s112/main.o
 .sdh_ble_observers1
                0x000000000001ee8c        0x8 Output/Release/Obj/ble_app_uart_pca10040_s112/ble_conn_params.o
 .sdh_ble_observers2
                0x000000000001ee94       0x10 Output/Release/Obj/ble_app_uart_pca10040_s112/main.o
 .sdh_ble_observers3
                0x000000000001eea4        0x8 Output/Release/Obj/ble_app_uart_pca10040_s112/main.o
                0x000000000001eeac                __sdh_ble_observers_end__ = (__sdh_ble_observers_start__ + SIZEOF (.sdh_ble_observers))
                0x0000000000000040                __sdh_ble_observers_size__ = SIZEOF (.sdh_ble_observers)
                0x000000000001eeac                __stop_sdh_ble_observers = __sdh_ble_observers_end__
                0x000000000001eeac                __sdh_ble_observers_load_end__ = __sdh_ble_observers_end__
                0x0000000000000001                . = ASSERT (((__sdh_ble_observers_start__ == __sdh_ble_observers_end__) || ((__sdh_ble_observers_end__ - __FLASH1_segment_start__) <= __FLASH1_segment_size__)), error: .sdh_ble_observers is too large to fit in FLASH1 memory segment)
                0x000000000001eeac                __pwr_mgmt_data_load_start__ = ALIGN (__sdh_ble_observers_end__, 0x4)

.pwr_mgmt_data  0x000000000001eeac        0x0
                0x000000000001eeac                __pwr_mgmt_data_start__ = .
                0x000000000001eeac                __start_pwr_mgmt_data = __pwr_mgmt_data_start__
 *(SORT_BY_NAME(.pwr_mgmt_data*))
                0x000000000001eeac                __pwr_mgmt_data_end__ = (__pwr_mgmt_data_start__ + SIZEOF (.pwr_mgmt_data))
                0x0000000000000000                __pwr_mgmt_data_size__ = SIZEOF (.pwr_mgmt_data)
                0x000000000001eeac                __stop_pwr_mgmt_data = __pwr_mgmt_data_end__
                0x000000000001eeac                __pwr_mgmt_data_load_end__ = __pwr_mgmt_data_end__
                0x0000000000000001                . = ASSERT (((__pwr_mgmt_data_start__ == __pwr_mgmt_data_end__) || ((__pwr_mgmt_data_end__ - __FLASH1_segment_start__) <= __FLASH1_segment_size__)), error: .pwr_mgmt_data is too large to fit in FLASH1 memory segment)
                0x000000000001eeac                __sdh_req_observers_load_start__ = ALIGN (__pwr_mgmt_data_end__, 0x4)

.sdh_req_observers
                0x000000000001eeac        0x0
                0x000000000001eeac                __sdh_req_observers_start__ = .
                0x000000000001eeac                __start_sdh_req_observers = __sdh_req_observers_start__
 *(SORT_BY_NAME(.sdh_req_observers*))
                0x000000000001eeac                __sdh_req_observers_end__ = (__sdh_req_observers_start__ + SIZEOF (.sdh_req_observers))
                0x0000000000000000                __sdh_req_observers_size__ = SIZEOF (.sdh_req_observers)
                0x000000000001eeac                __stop_sdh_req_observers = __sdh_req_observers_end__
                0x000000000001eeac                __sdh_req_observers_load_end__ = __sdh_req_observers_end__
                0x0000000000000001                . = ASSERT (((__sdh_req_observers_start__ == __sdh_req_observers_end__) || ((__sdh_req_observers_end__ - __FLASH1_segment_start__) <= __FLASH1_segment_size__)), error: .sdh_req_observers is too large to fit in FLASH1 memory segment)
                0x000000000001eeac                __sdh_state_observers_load_start__ = ALIGN (__sdh_req_observers_end__, 0x4)

.sdh_state_observers
                0x000000000001eeac        0x8
                0x000000000001eeac                __sdh_state_observers_start__ = .
                0x000000000001eeac                __start_sdh_state_observers = __sdh_state_observers_start__
 *(SORT_BY_NAME(.sdh_state_observers*))
 .sdh_state_observers0
                0x000000000001eeac        0x8 Output/Release/Obj/ble_app_uart_pca10040_s112/nrf_drv_clock.o
                0x000000000001eeb4                __sdh_state_observers_end__ = (__sdh_state_observers_start__ + SIZEOF (.sdh_state_observers))
                0x0000000000000008                __sdh_state_observers_size__ = SIZEOF (.sdh_state_observers)
                0x000000000001eeb4                __stop_sdh_state_observers = __sdh_state_observers_end__
                0x000000000001eeb4                __sdh_state_observers_load_end__ = __sdh_state_observers_end__
                0x0000000000000001                . = ASSERT (((__sdh_state_observers_start__ == __sdh_state_observers_end__) || ((__sdh_state_observers_end__ - __FLASH1_segment_start__) <= __FLASH1_segment_size__)), error: .sdh_state_observers is too large to fit in FLASH1 memory segment)
                0x000000000001eeb4                __sdh_stack_observers_load_start__ = ALIGN (__sdh_state_observers_end__, 0x4)

.sdh_stack_observers
                0x000000000001eeb4       0x10
                0x000000000001eeb4                __sdh_stack_observers_start__ = .
                0x000000000001eeb4                __start_sdh_stack_observers = __sdh_stack_observers_start__
 *(SORT_BY_NAME(.sdh_stack_observers*))
 .sdh_stack_observers0
                0x000000000001eeb4        0x8 Output/Release/Obj/ble_app_uart_pca10040_s112/nrf_sdh_ble.o
 .sdh_stack_observers0
                0x000000000001eebc        0x8 Output/Release/Obj/ble_app_uart_pca10040_s112/nrf_sdh_soc.o
                0x000000000001eec4                __sdh_stack_observers_end__ = (__sdh_stack_observers_start__ + SIZEOF (.sdh_stack_observers))
                0x0000000000000010                __sdh_stack_observers_size__ = SIZEOF (.sdh_stack_observers)
                0x000000000001eec4                __stop_sdh_stack_observers = __sdh_stack_observers_end__
                0x000000000001eec4                __sdh_stack_observers_load_end__ = __sdh_stack_observers_end__
                0x0000000000000001                . = ASSERT (((__sdh_stack_observers_start__ == __sdh_stack_observers_end__) || ((__sdh_stack_observers_end__ - __FLASH1_segment_start__) <= __FLASH1_segment_size__)), error: .sdh_stack_observers is too large to fit in FLASH1 memory segment)
                0x000000000001eec4                __nrf_queue_load_start__ = ALIGN (__sdh_stack_observers_end__, 0x4)

.nrf_queue      0x000000000001eec4        0x0
                0x000000000001eec4                __nrf_queue_start__ = .
                0x000000000001eec4                __start_nrf_queue = __nrf_queue_start__
 *(.nrf_queue*)
                0x000000000001eec4                __nrf_queue_end__ = (__nrf_queue_start__ + SIZEOF (.nrf_queue))
                0x0000000000000000                __nrf_queue_size__ = SIZEOF (.nrf_queue)
                0x000000000001eec4                __stop_nrf_queue = __nrf_queue_end__
                0x000000000001eec4                __nrf_queue_load_end__ = __nrf_queue_end__
                0x0000000000000001                . = ASSERT (((__nrf_queue_start__ == __nrf_queue_end__) || ((__nrf_queue_end__ - __FLASH1_segment_start__) <= __FLASH1_segment_size__)), error: .nrf_queue is too large to fit in FLASH1 memory segment)
                0x000000000001eec4                __nrf_balloc_load_start__ = ALIGN (__nrf_queue_end__, 0x4)

.nrf_balloc     0x000000000001eec4       0x14
                0x000000000001eec4                __nrf_balloc_start__ = .
                0x000000000001eec4                __start_nrf_balloc = __nrf_balloc_start__
 *(.nrf_balloc*)
 .nrf_balloc    0x000000000001eec4       0x14 Output/Release/Obj/ble_app_uart_pca10040_s112/nrf_log_frontend.o
                0x000000000001eec4                log_mempool
                0x000000000001eed8                __nrf_balloc_end__ = (__nrf_balloc_start__ + SIZEOF (.nrf_balloc))
                0x0000000000000014                __nrf_balloc_size__ = SIZEOF (.nrf_balloc)
                0x000000000001eed8                __stop_nrf_balloc = __nrf_balloc_end__
                0x000000000001eed8                __nrf_balloc_load_end__ = __nrf_balloc_end__
                0x0000000000000001                . = ASSERT (((__nrf_balloc_start__ == __nrf_balloc_end__) || ((__nrf_balloc_end__ - __FLASH1_segment_start__) <= __FLASH1_segment_size__)), error: .nrf_balloc is too large to fit in FLASH1 memory segment)
                0x000000000001eed8                __cli_command_load_start__ = ALIGN (__nrf_balloc_end__, 0x4)

.cli_command    0x000000000001eed8        0x0
                0x000000000001eed8                __cli_command_start__ = .
                0x000000000001eed8                __start_cli_command = __cli_command_start__
 *(.cli_command*)
                0x000000000001eed8                __cli_command_end__ = (__cli_command_start__ + SIZEOF (.cli_command))
                0x0000000000000000                __cli_command_size__ = SIZEOF (.cli_command)
                0x000000000001eed8                __stop_cli_command = __cli_command_end__
                0x000000000001eed8                __cli_command_load_end__ = __cli_command_end__
                0x0000000000000001                . = ASSERT (((__cli_command_start__ == __cli_command_end__) || ((__cli_command_end__ - __FLASH1_segment_start__) <= __FLASH1_segment_size__)), error: .cli_command is too large to fit in FLASH1 memory segment)
                0x000000000001eed8                __crypto_data_load_start__ = ALIGN (__cli_command_end__, 0x4)

.crypto_data    0x000000000001eed8        0x0
                0x000000000001eed8                __crypto_data_start__ = .
                0x000000000001eed8                __start_crypto_data = __crypto_data_start__
 *(SORT_BY_NAME(.crypto_data*))
                0x000000000001eed8                __crypto_data_end__ = (__crypto_data_start__ + SIZEOF (.crypto_data))
                0x0000000000000000                __crypto_data_size__ = SIZEOF (.crypto_data)
                0x000000000001eed8                __stop_crypto_data = __crypto_data_end__
                0x000000000001eed8                __crypto_data_load_end__ = __crypto_data_end__
                0x0000000000000001                . = ASSERT (((__crypto_data_start__ == __crypto_data_end__) || ((__crypto_data_end__ - __FLASH1_segment_start__) <= __FLASH1_segment_size__)), error: .crypto_data is too large to fit in FLASH1 memory segment)
                0x000000000001eed8                __log_const_data_load_start__ = ALIGN (__crypto_data_end__, 0x4)

.log_const_data
                0x000000000001eed8       0x80
                0x000000000001eed8                __log_const_data_start__ = .
                0x000000000001eed8                __start_log_const_data = __log_const_data_start__
 *(SORT_BY_NAME(.log_const_data*))
 .log_const_data_CLOCK
                0x000000000001eed8        0x8 Output/Release/Obj/ble_app_uart_pca10040_s112/nrfx_clock.o
                0x000000000001eed8                m_nrf_log_CLOCK_logs_data_const
 .log_const_data_GPIOTE
                0x000000000001eee0        0x8 Output/Release/Obj/ble_app_uart_pca10040_s112/nrfx_gpiote.o
                0x000000000001eee0                m_nrf_log_GPIOTE_logs_data_const
 .log_const_data_PRS
                0x000000000001eee8        0x8 Output/Release/Obj/ble_app_uart_pca10040_s112/nrfx_prs.o
                0x000000000001eee8                m_nrf_log_PRS_logs_data_const
 .log_const_data_UART
                0x000000000001eef0        0x8 Output/Release/Obj/ble_app_uart_pca10040_s112/nrfx_uart.o
                0x000000000001eef0                m_nrf_log_UART_logs_data_const
 .log_const_data_UARTE
                0x000000000001eef8        0x8 Output/Release/Obj/ble_app_uart_pca10040_s112/nrfx_uarte.o
                0x000000000001eef8                m_nrf_log_UARTE_logs_data_const
 .log_const_data_app
                0x000000000001ef00        0x8 Output/Release/Obj/ble_app_uart_pca10040_s112/nrf_log_frontend.o
                0x000000000001ef00                m_nrf_log_app_logs_data_const
 .log_const_data_app_button
                0x000000000001ef08        0x8 Output/Release/Obj/ble_app_uart_pca10040_s112/app_button.o
                0x000000000001ef08                m_nrf_log_app_button_logs_data_const
 .log_const_data_app_timer
                0x000000000001ef10        0x8 Output/Release/Obj/ble_app_uart_pca10040_s112/app_timer2.o
                0x000000000001ef10                m_nrf_log_app_timer_logs_data_const
 .log_const_data_ble_nus
                0x000000000001ef18        0x8 Output/Release/Obj/ble_app_uart_pca10040_s112/ble_nus.o
                0x000000000001ef18                m_nrf_log_ble_nus_logs_data_const
 .log_const_data_clock
                0x000000000001ef20        0x8 Output/Release/Obj/ble_app_uart_pca10040_s112/nrf_drv_clock.o
                0x000000000001ef20                m_nrf_log_clock_logs_data_const
 .log_const_data_nrf_ble_gatt
                0x000000000001ef28        0x8 Output/Release/Obj/ble_app_uart_pca10040_s112/nrf_ble_gatt.o
                0x000000000001ef28                m_nrf_log_nrf_ble_gatt_logs_data_const
 .log_const_data_nrf_sdh
                0x000000000001ef30        0x8 Output/Release/Obj/ble_app_uart_pca10040_s112/nrf_sdh.o
                0x000000000001ef30                m_nrf_log_nrf_sdh_logs_data_const
 .log_const_data_nrf_sdh_ble
                0x000000000001ef38        0x8 Output/Release/Obj/ble_app_uart_pca10040_s112/nrf_sdh_ble.o
                0x000000000001ef38                m_nrf_log_nrf_sdh_ble_logs_data_const
 .log_const_data_nrf_sdh_soc
                0x000000000001ef40        0x8 Output/Release/Obj/ble_app_uart_pca10040_s112/nrf_sdh_soc.o
                0x000000000001ef40                m_nrf_log_nrf_sdh_soc_logs_data_const
 .log_const_data_pwr_mgmt
                0x000000000001ef48        0x8 Output/Release/Obj/ble_app_uart_pca10040_s112/nrf_pwr_mgmt.o
                0x000000000001ef48                m_nrf_log_pwr_mgmt_logs_data_const
 .log_const_data_sortlist
                0x000000000001ef50        0x8 Output/Release/Obj/ble_app_uart_pca10040_s112/nrf_sortlist.o
                0x000000000001ef50                m_nrf_log_sortlist_logs_data_const
                0x000000000001ef58                __log_const_data_end__ = (__log_const_data_start__ + SIZEOF (.log_const_data))
                0x0000000000000080                __log_const_data_size__ = SIZEOF (.log_const_data)
                0x000000000001ef58                __stop_log_const_data = __log_const_data_end__
                0x000000000001ef58                __log_const_data_load_end__ = __log_const_data_end__
                0x0000000000000001                . = ASSERT (((__log_const_data_start__ == __log_const_data_end__) || ((__log_const_data_end__ - __FLASH1_segment_start__) <= __FLASH1_segment_size__)), error: .log_const_data is too large to fit in FLASH1 memory segment)
                0x000000000001ef58                __log_backends_load_start__ = ALIGN (__log_const_data_end__, 0x4)

.log_backends   0x000000000001ef58       0x10
                0x000000000001ef58                __log_backends_start__ = .
                0x000000000001ef58                __start_log_backends = __log_backends_start__
 *(SORT_BY_NAME(.log_backends*))
 .log_backends  0x000000000001ef58       0x10 Output/Release/Obj/ble_app_uart_pca10040_s112/nrf_log_default_backends.o
                0x000000000001ef68                __log_backends_end__ = (__log_backends_start__ + SIZEOF (.log_backends))
                0x0000000000000010                __log_backends_size__ = SIZEOF (.log_backends)
                0x000000000001ef68                __stop_log_backends = __log_backends_end__
                0x000000000001ef68                __log_backends_load_end__ = __log_backends_end__
                0x0000000000000001                . = ASSERT (((__log_backends_start__ == __log_backends_end__) || ((__log_backends_end__ - __FLASH1_segment_start__) <= __FLASH1_segment_size__)), error: .log_backends is too large to fit in FLASH1 memory segment)
                0x000000000001ef68                __nrf_sections_load_start__ = ALIGN (__log_backends_end__, 0x4)

.nrf_sections   0x000000000001ef68        0x0
                0x000000000001ef68                __nrf_sections_start__ = .
                0x000000000001ef68                __start_nrf_sections = __nrf_sections_start__
 *(.nrf_sections .nrf_sections.*)
                0x000000000001ef68                __nrf_sections_end__ = (__nrf_sections_start__ + SIZEOF (.nrf_sections))
                0x0000000000000000                __nrf_sections_size__ = SIZEOF (.nrf_sections)
                0x000000000001ef68                __nrf_sections_load_end__ = __nrf_sections_end__
                0x0000000000000001                . = ASSERT (((__nrf_sections_start__ == __nrf_sections_end__) || ((__nrf_sections_end__ - __FLASH1_segment_start__) <= __FLASH1_segment_size__)), error: .nrf_sections is too large to fit in FLASH1 memory segment)
                0x000000000001ef68                __cli_sorted_cmd_ptrs_load_start__ = ALIGN (__nrf_sections_end__, 0x4)

.cli_sorted_cmd_ptrs
                0x00000000200022c8        0x0 load address 0x000000000001ef68
                0x00000000200022c8                __cli_sorted_cmd_ptrs_start__ = .
 *(.cli_sorted_cmd_ptrs*)
                0x00000000200022c8                __cli_sorted_cmd_ptrs_end__ = (__cli_sorted_cmd_ptrs_start__ + SIZEOF (.cli_sorted_cmd_ptrs))
                0x0000000000000000                __cli_sorted_cmd_ptrs_size__ = SIZEOF (.cli_sorted_cmd_ptrs)
                0x000000000001ef68                __cli_sorted_cmd_ptrs_load_end__ = (__cli_sorted_cmd_ptrs_load_start__ + SIZEOF (.cli_sorted_cmd_ptrs))
                0x0000000000000001                . = ASSERT (((__cli_sorted_cmd_ptrs_load_start__ == __cli_sorted_cmd_ptrs_load_end__) || ((__cli_sorted_cmd_ptrs_load_end__ - __FLASH1_segment_start__) <= __FLASH1_segment_size__)), error: .cli_sorted_cmd_ptrs is too large to fit in FLASH1 memory segment)

.cli_sorted_cmd_ptrs_run
                0x00000000200022c8        0x0
                0x00000000200022c8                __cli_sorted_cmd_ptrs_run_start__ = .
                0x00000000200022c8                __start_cli_sorted_cmd_ptrs = __cli_sorted_cmd_ptrs_run_start__
                0x00000000200022c8                __cli_sorted_cmd_ptrs_run_end__ = (__cli_sorted_cmd_ptrs_run_start__ + SIZEOF (.cli_sorted_cmd_ptrs))
                0x0000000000000000                __cli_sorted_cmd_ptrs_run_size__ = (__cli_sorted_cmd_ptrs_run_end__ - __cli_sorted_cmd_ptrs_run_start__)
                0x00000000200022c8                __stop_cli_sorted_cmd_ptrs = __cli_sorted_cmd_ptrs_run_end__
                0x00000000200022c8                __cli_sorted_cmd_ptrs_run_load_end__ = __cli_sorted_cmd_ptrs_run_end__
                0x0000000000000001                . = ASSERT (((__cli_sorted_cmd_ptrs_run_start__ == __cli_sorted_cmd_ptrs_run_end__) || ((__cli_sorted_cmd_ptrs_run_end__ - __RAM1_segment_start__) <= __RAM1_segment_size__)), error: .cli_sorted_cmd_ptrs_run is too large to fit in RAM1 memory segment)
                0x000000000001ef68                __fs_data_load_start__ = ALIGN ((__cli_sorted_cmd_ptrs_load_start__ + SIZEOF (.cli_sorted_cmd_ptrs)), 0x4)

.fs_data        0x00000000200022c8        0x0 load address 0x000000000001ef68
                0x00000000200022c8                __fs_data_start__ = .
 *(.fs_data*)
                0x00000000200022c8                __fs_data_end__ = (__fs_data_start__ + SIZEOF (.fs_data))
                0x0000000000000000                __fs_data_size__ = SIZEOF (.fs_data)
                0x000000000001ef68                __fs_data_load_end__ = (__fs_data_load_start__ + SIZEOF (.fs_data))
                0x0000000000000001                . = ASSERT (((__fs_data_load_start__ == __fs_data_load_end__) || ((__fs_data_load_end__ - __FLASH1_segment_start__) <= __FLASH1_segment_size__)), error: .fs_data is too large to fit in FLASH1 memory segment)

.fs_data_run    0x00000000200022c8        0x0
                0x00000000200022c8                __fs_data_run_start__ = .
                0x00000000200022c8                __start_fs_data = __fs_data_run_start__
                0x00000000200022c8                __fs_data_run_end__ = (__fs_data_run_start__ + SIZEOF (.fs_data))
                0x0000000000000000                __fs_data_run_size__ = (__fs_data_run_end__ - __fs_data_run_start__)
                0x00000000200022c8                __stop_fs_data = __fs_data_run_end__
                0x00000000200022c8                __fs_data_run_load_end__ = __fs_data_run_end__
                0x0000000000000001                . = ASSERT (((__fs_data_run_start__ == __fs_data_run_end__) || ((__fs_data_run_end__ - __RAM1_segment_start__) <= __RAM1_segment_size__)), error: .fs_data_run is too large to fit in RAM1 memory segment)
                0x000000000001ef68                __log_dynamic_data_load_start__ = ALIGN ((__fs_data_load_start__ + SIZEOF (.fs_data)), 0x4)

.log_dynamic_data
                0x00000000200022c8        0x0 load address 0x000000000001ef68
                0x00000000200022c8                __log_dynamic_data_start__ = .
 *(SORT_BY_NAME(.log_dynamic_data*))
                0x00000000200022c8                __log_dynamic_data_end__ = (__log_dynamic_data_start__ + SIZEOF (.log_dynamic_data))
                0x0000000000000000                __log_dynamic_data_size__ = SIZEOF (.log_dynamic_data)
                0x000000000001ef68                __log_dynamic_data_load_end__ = (__log_dynamic_data_load_start__ + SIZEOF (.log_dynamic_data))
                0x0000000000000001                . = ASSERT (((__log_dynamic_data_load_start__ == __log_dynamic_data_load_end__) || ((__log_dynamic_data_load_end__ - __FLASH1_segment_start__) <= __FLASH1_segment_size__)), error: .log_dynamic_data is too large to fit in FLASH1 memory segment)

.log_dynamic_data_run
                0x00000000200022c8        0x0
                0x00000000200022c8                __log_dynamic_data_run_start__ = .
                0x00000000200022c8                __start_log_dynamic_data = __log_dynamic_data_run_start__
                0x00000000200022c8                __log_dynamic_data_run_end__ = (__log_dynamic_data_run_start__ + SIZEOF (.log_dynamic_data))
                0x0000000000000000                __log_dynamic_data_run_size__ = (__log_dynamic_data_run_end__ - __log_dynamic_data_run_start__)
                0x00000000200022c8                __stop_log_dynamic_data = __log_dynamic_data_run_end__
                0x00000000200022c8                __log_dynamic_data_run_load_end__ = __log_dynamic_data_run_end__
                0x0000000000000001                . = ASSERT (((__log_dynamic_data_run_start__ == __log_dynamic_data_run_end__) || ((__log_dynamic_data_run_end__ - __RAM1_segment_start__) <= __RAM1_segment_size__)), error: .log_dynamic_data_run is too large to fit in RAM1 memory segment)
                0x000000000001ef68                __log_filter_data_load_start__ = ALIGN ((__log_dynamic_data_load_start__ + SIZEOF (.log_dynamic_data)), 0x4)

.log_filter_data
                0x00000000200022c8        0x0 load address 0x000000000001ef68
                0x00000000200022c8                __log_filter_data_start__ = .
 *(SORT_BY_NAME(.log_filter_data*))
                0x00000000200022c8                __log_filter_data_end__ = (__log_filter_data_start__ + SIZEOF (.log_filter_data))
                0x0000000000000000                __log_filter_data_size__ = SIZEOF (.log_filter_data)
                0x000000000001ef68                __log_filter_data_load_end__ = (__log_filter_data_load_start__ + SIZEOF (.log_filter_data))
                0x0000000000000001                . = ASSERT (((__log_filter_data_load_start__ == __log_filter_data_load_end__) || ((__log_filter_data_load_end__ - __FLASH1_segment_start__) <= __FLASH1_segment_size__)), error: .log_filter_data is too large to fit in FLASH1 memory segment)

.log_filter_data_run
                0x00000000200022c8        0x0
                0x00000000200022c8                __log_filter_data_run_start__ = .
                0x00000000200022c8                __start_log_filter_data = __log_filter_data_run_start__
                0x00000000200022c8                __log_filter_data_run_end__ = (__log_filter_data_run_start__ + SIZEOF (.log_filter_data))